******************************************************************************
              TMS320C55x Linker PC v4.3.9                      
******************************************************************************
>> Linked Sat Dec 09 13:06:04 2017

OUTPUT FILE NAME:   <MP3Dec.out>
ENTRY POINT SYMBOL: "_c_int00"  address: 0004ccf5


MEMORY CONFIGURATION

         name            origin    length      used     unused   attr    fill
                        (bytes)   (bytes)    (bytes)   (bytes)
----------------------  --------  ---------  --------  --------  ----  --------
  DARAM                 000000c0   0000fe40  0000f34a  00000af6  RWIX
  VECT                  0000ff00   00000100  00000100  00000000  RWIX
  DARAM2                00010000   00010000  00010000  00000000  RWIX
  SARAM                 00020000   00080000  0002d33d  00052cc3  RWIX


SECTION ALLOCATION MAP
(Addresses surrounded by []'s are displayed for convenience only!)

output                                                          attributes/
section   page  orgn(bytes) orgn(words) len(bytes) len(words)   input sections
--------  ----  ----------- ----------- ---------- ----------   --------------
.vers        0   [ 00000000 ]  00000000          *   0000003c   COPY SECTION
                 [ 00000000 ]  00000000          *   0000003c   MP3Deccfg.obj (.vers)

.pinit       0   [ 000000c0 ]  00000060          *   00000000   UNINITIALIZED

.prd         0   [ 000000c0 ]  00000060          *   00000000   UNINITIALIZED

.cinit       0   [ 000000c0 ]  00000060          *   000020e8   
                 [ 000000c0 ]  00000060          *   00001003   read_samples.obj (.cinit)
                 [ 000020c6 ]  00001063          *   00000813   main.obj (.cinit)
                 [ 000030ec ]  00001876          *   0000043f   MP3Deccfg.obj (.cinit)
                 [ 0000396a ]  00001cb5          *   0000012a   menu_control.obj (.cinit)
                 [ 00003bbe ]  00001ddf          *   000000b9   md_aic3204.obj (.cinit)
                 [ 00003d30 ]  00001e98          *   000000af   bios.a55L : biosdata.o55L (.cinit)
                 [ 00003e8e ]  00001f47          *   000000a0             : knl.o55L (.cinit)
                 [ 00003fce ]  00001fe7          *   0000002e             : tsk_stup.o55L (.cinit)
                 [ 0000402a ]  00002015          *   0000002d   rts55x.lib : lowlev.obj (.cinit)
                 [ 00004084 ]  00002042          *   0000002c   bios.a55L : tsk.o55L (.cinit)
                 [ 000040dc ]  0000206e          *   0000002a   rts55x.lib : defs.obj (.cinit)
                 [ 00004130 ]  00002098          *   00000019   bios.a55L : rta.o55L (.cinit)
                 [ 00004162 ]  000020b1          *   00000011   drivers.a55L : dio_tskDynamic.o55L (.cinit)
                 [ 00004184 ]  000020c2          *   0000000f   bios.a55L : utl_putc.o55L (.cinit)
                 [ 000041a2 ]  000020d1          *   0000000b             : knl_tick.o55L (.cinit)
                 [ 000041b8 ]  000020dc          *   0000000b             : tsk_yiel.o55L (.cinit)
                 [ 000041ce ]  000020e7          *   0000000b   sioboth.a55L : sio.o55L (.cinit)
                 [ 000041e4 ]  000020f2          *   0000000a   bios.a55L : obj_init.o55L (.cinit)
                 [ 000041f8 ]  000020fc          *   0000000a             : sys.o55L (.cinit)
                 [ 0000420c ]  00002106          *   0000000a   rts55x.lib : _lock.obj (.cinit)
                 [ 00004220 ]  00002110          *   0000000a              : exit.obj (.cinit)
                 [ 00004234 ]  0000211a          *   00000008   cslVC5515L.lib : csl_i2s.obj (.cinit)
                 [ 00004244 ]  00002122          *   00000008   led_blinking.obj (.cinit)
                 [ 00004254 ]  0000212a          *   00000007   bios.a55L : sem_crea.o55L (.cinit)
                 [ 00004262 ]  00002131          *   00000005             : idl_busy.o55L (.cinit)
                 [ 0000426c ]  00002136          *   00000005             : knl_swit.o55L (.cinit)
                 [ 00004276 ]  0000213b          *   00000004             : que_crea.o55L (.cinit)
                 [ 0000427e ]  0000213f          *   00000004   rts55x.lib : fopen.obj (.cinit)
                 [ 00004286 ]  00002143          *   00000004   tskDecode.obj (.cinit)
                 [ 0000428e ]  00002147          *   00000001   --HOLE-- [fill = 0]

.bss         0   [ 00004290 ]  00002148          *   0000202a   UNINITIALIZED
                 [ 00004290 ]  00002148          *   000011ba   main.obj (.bss)
                 [ 00006604 ]  00003302          *   00000627   tskDecode.obj (.bss)
                 [ 00007252 ]  00003929          *   00000001   bios.a55L : que_crea.o55L (.bss)
                 [ 00007254 ]  0000392a          *   0000012f   menu_control.obj (.bss)
                 [ 000074b2 ]  00003a59          *   00000001   rts55x.lib : fopen.obj (.bss)
                 [ 000074b4 ]  00003a5a          *   00000119              : defs.obj (.bss)
                 [ 000076e6 ]  00003b73          *   00000001   --HOLE--
                 [ 000076e8 ]  00003b74          *   00000103   read_samples.obj (.bss)
                 [ 000078ee ]  00003c77          *   000000d0   rts55x.lib : trgdrv.obj (.bss)
                 [ 00007a8e ]  00003d47          *   00000001   --HOLE--
                 [ 00007a90 ]  00003d48          *   000000c0   md_aic3204.obj (.bss)
                 [ 00007c10 ]  00003e08          *   000000a6   sdcard.obj (.bss)
                 [ 00007d5c ]  00003eae          *   0000008a   bios.a55L : knl.o55L (.bss)
                 [ 00007e70 ]  00003f38          *   00000084   cslVC5515L.lib : csl_intc.obj (.bss)
                 [ 00007f78 ]  00003fbc          *   00000071   rts55x.lib : lowlev.obj (.bss)
                 [ 0000805a ]  0000402d          *   00000001   --HOLE--
                 [ 0000805c ]  0000402e          *   00000030   bios.a55L : tsk.o55L (.bss)
                 [ 000080bc ]  0000405e          *   0000002a   cslVC5515L.lib : csl_i2s.obj (.bss)
                 [ 00008110 ]  00004088          *   00000028   bios.a55L : tsk_stup.o55L (.bss)
                 [ 00008160 ]  000040b0          *   00000023             : obj_init.o55L (.bss)
                 [ 000081a6 ]  000040d3          *   00000001   --HOLE--
                 [ 000081a8 ]  000040d4          *   0000001c   MP3Deccfg.obj (.bss)
                 [ 000081e0 ]  000040f0          *   00000014   bios.a55L : sys.o55L (.bss)
                 [ 00008208 ]  00004104          *   00000012   cslVC5515L.lib : csl_i2c.obj (.bss)
                 [ 0000822c ]  00004116          *   0000000e   drivers.a55L : dio_tskDynamic.o55L (.bss)
                 [ 00008248 ]  00004124          *   0000000c   bios5505.a55L : clk5505_data.o55L (.bss)
                 [ 00008260 ]  00004130          *   00000008   bios.a55L : knl_tick.o55L (.bss)
                 [ 00008270 ]  00004138          *   00000008             : tsk_yiel.o55L (.bss)
                 [ 00008280 ]  00004140          *   00000008   sioboth.a55L : sio.o55L (.bss)
                 [ 00008290 ]  00004148          *   00000006   bios.a55L : utl_putc.o55L (.bss)
                 [ 0000829c ]  0000414e          *   00000006   keys.obj (.bss)
                 [ 000082a8 ]  00004154          *   00000004   bios.a55L : clk_data.o55L (.bss)
                 [ 000082b0 ]  00004158          *   00000004             : sem_crea.o55L (.bss)
                 [ 000082b8 ]  0000415c          *   00000004   ff.obj (.bss)
                 [ 000082c0 ]  00004160          *   00000004   oled.obj (.bss)
                 [ 000082c8 ]  00004164          *   00000004   rts55x.lib : _lock.obj (.bss)
                 [ 000082d0 ]  00004168          *   00000004              : exit.obj (.bss)
                 [ 000082d8 ]  0000416c          *   00000002   bios.a55L : clk_data2.o55L (.bss)
                 [ 000082dc ]  0000416e          *   00000002             : mem_asm.o55L (.bss)
                 [ 000082e0 ]  00004170          *   00000002   led_blinking.obj (.bss)

MP3_TNI_HUFF_CONST 
*            0   [ 000082e4 ]  00004172          *   0000114c   
                 [ 000082e4 ]  00004172          *   0000114c   mp3_tni_rev3.l55l : bin_huff_wrapper.obj (MP3_TNI_HUFF_CONST)

.TSK_idle$stk 
*            0   [ 0000a57c ]  000052be          *   00000500   UNINITIALIZED
                 [ 0000a57c ]  000052be          *   00000500   MP3Deccfg.obj (.TSK_idle$stk)

.decode$stk 
*            0   [ 0000af7c ]  000057be          *   00000500   UNINITIALIZED
                 [ 0000af7c ]  000057be          *   00000500   MP3Deccfg.obj (.decode$stk)

.led_blinking$stk 
*            0   [ 0000b97c ]  00005cbe          *   00000500   UNINITIALIZED
                 [ 0000b97c ]  00005cbe          *   00000500   MP3Deccfg.obj (.led_blinking$stk)

.read_samples$stk 
*            0   [ 0000c37c ]  000061be          *   00000500   UNINITIALIZED
                 [ 0000c37c ]  000061be          *   00000500   MP3Deccfg.obj (.read_samples$stk)

MP3_TNI_MAD_CONST 
*            0   [ 0000cd7c ]  000066be          *   00000400   
                 [ 0000cd7c ]  000066be          *   00000400   mp3_tni_rev3.l55l : synfix.obj (MP3_TNI_MAD_CONST)

.MP3const 
*            0   [ 0000d57c ]  00006abe          *   000003ba   
                 [ 0000d57c ]  00006abe          *   0000014d   mp3_tni_rev3.l55l : decoder.obj (.const:_MP3_TNI_sfBandIndex)
                 [ 0000d816 ]  00006c0b          *   00000001   --HOLE-- [fill = 0]
                 [ 0000d818 ]  00006c0c          *   00000048                     : bin_huff_wrapper.obj (.const:_MP3_TNI_H9)
                 [ 0000d8a8 ]  00006c54          *   00000048                     : decoder.obj (.const:_MP3_TNI_NR_OF_SFB_BLOCK)
                 [ 0000d938 ]  00006c9c          *   00000044                     : bin_huff_wrapper.obj (.const:_MP3_TNI_CUE_TABLES)
                 [ 0000d9c0 ]  00006ce0          *   00000044                     : bin_huff_wrapper.obj (.const:_MP3_TNI_H_TABLES)
                 [ 0000da48 ]  00006d24          *   00000040                     : bin_huff_wrapper.obj (.const:_MP3_TNI_H_CUE_9)
                 [ 0000dac8 ]  00006d64          *   00000040                     : stereo.obj (.const:_MP3_TNI_MPEG2_ITAB)
                 [ 0000db48 ]  00006da4          *   00000030                     : common.obj (.const:_MP3_TNI_NEWBITRATE)
                 [ 0000dba8 ]  00006dd4          *   00000020                     : decoder.obj (.const:_MP3_TNI_SLEN)
                 [ 0000dbe8 ]  00006df4          *   00000020                     : alias.obj (.const)
                 [ 0000dc28 ]  00006e14          *   00000018                     : mp3_tni_ialgvt.obj (.const:_MP3_TNI_IMP3)
                 [ 0000dc58 ]  00006e2c          *   00000018                     : common.obj (.const:_MP3_TNI_S_FREQ)
                 [ 0000dc88 ]  00006e44          *   0000000e                     : stereo.obj (.const:_MP3_TNI_ISTAB_L)
                 [ 0000dca4 ]  00006e52          *   0000000e                     : stereo.obj (.const:_MP3_TNI_ISTAB_R)
                 [ 0000dcc0 ]  00006e60          *   00000008                     : mp3dec.obj (.const:_MP3_TNI_BlockTransition)
                 [ 0000dcd0 ]  00006e68          *   00000008                     : decoder.obj (.const:_MP3_TNI_sfbtable)
                 [ 0000dce0 ]  00006e70          *   00000006                     : decoder.obj (.const:_MP3_TNI_MPEG2MAXSF)
                 [ 0000dcec ]  00006e76          *   00000002                     : idecode.obj (.const:_IMP3_PARAMS)

.const       0   [ 0000dcf0 ]  00006e78          *   000002a3   
                 [ 0000dcf0 ]  00006e78          *   000000f0   oled.obj (.const:_alphanum)
                 [ 0000ded0 ]  00006f68          *   00000061   read_samples.obj (.const:.string)
                 [ 0000df92 ]  00006fc9          *   00000001   --HOLE-- [fill = 0]
                 [ 0000df94 ]  00006fca          *   0000004f   bios.a55L : tsk_stup.o55L (.const)
                 [ 0000e032 ]  00007019          *   00000001   --HOLE-- [fill = 0]
                 [ 0000e034 ]  0000701a          *   00000029   menu_control.obj (.const:.string)
                 [ 0000e086 ]  00007043          *   00000001   --HOLE-- [fill = 0]
                 [ 0000e088 ]  00007044          *   00000023   bios.a55L : utl_doab.o55L (.const)
                 [ 0000e0ce ]  00007067          *   00000001   --HOLE-- [fill = 0]
                 [ 0000e0d0 ]  00007068          *   00000022             : utl_doer.o55L (.const)
                 [ 0000e114 ]  0000708a          *   00000020             : dev_init.o55L (.const)
                 [ 0000e154 ]  000070aa          *   0000001c   MP3Deccfg.obj (.const)
                 [ 0000e18c ]  000070c6          *   00000012   main.obj (.const:.string)
                 [ 0000e1b0 ]  000070d8          *   0000000e   ff.obj (.const:.string)
                 [ 0000e1cc ]  000070e6          *   0000000c   md_aic3204.obj (.const:_$P$T0$2)
                 [ 0000e1e4 ]  000070f2          *   0000000c   md_aic3204.obj (.const:_AIC3204_DEVPARAMS)
                 [ 0000e1fc ]  000070fe          *   00000008   main.obj (.const:_$P$T0$1)
                 [ 0000e20c ]  00007106          *   00000004   main.obj (.const:_$P$T1$2)
                 [ 0000e214 ]  0000710a          *   00000004   bios.a55L : mem_allo.o55L (.const)
                 [ 0000e21c ]  0000710e          *   00000004             : mem_free.o55L (.const)
                 [ 0000e224 ]  00007112          *   00000004   sioboth.a55L : sio_crea.o55L (.const)
                 [ 0000e22c ]  00007116          *   00000002   rts55x.lib : fputs.obj (.const:.string)
                 [ 0000e230 ]  00007118          *   00000001   bios.a55L : sem_crea.o55L (.const)
                 [ 0000e232 ]  00007119          *   00000001   --HOLE-- [fill = 0]
                 [ 0000e234 ]  0000711a          *   00000001             : tsk.o55L (.const)

.printf      0   [ 0000e236 ]  0000711b          *   000000af   COPY SECTION
                 [ 0000e236 ]  0000711b          *   000000af   MP3Deccfg.obj (.printf)

.trace       0   [ 0000e236 ]  0000711b          *   00000200   
                 [ 0000e236 ]  0000711b          *   00000200   --HOLE-- [fill = 00]

MP3_TNI_MDCT_CONST 
*            0   [ 0000e638 ]  0000731c          *   00000174   
                 [ 0000e638 ]  0000731c          *   00000174   mp3_tni_rev3.l55l : fix_mdct.obj (MP3_TNI_MDCT_CONST)

.cio         0   [ 0000e920 ]  00007490          *   00000120   UNINITIALIZED
                 [ 0000e920 ]  00007490          *   00000120   rts55x.lib : trgmsg.obj (.cio)

.tsk         0   [ 0000eb60 ]  000075b0          *   000000dc   UNINITIALIZED
                 [ 0000eb60 ]  000075b0          *   000000dc   MP3Deccfg.obj (.tsk)

.hwi_disp_sec 
*            0   [ 0000ed18 ]  0000768c          *   000000c0   UNINITIALIZED
                 [ 0000ed18 ]  0000768c          *   000000c0   bios.a55L : hwi_disp_asm.o55L (.hwi_disp_sec)

MP3_TNI_DCT_CONST 
*            0   [ 0000ee98 ]  0000774c          *   000000be   
                 [ 0000ee98 ]  0000774c          *   000000be   mp3_tni_rev3.l55l : chen_d_dct_table.obj (MP3_TNI_DCT_CONST)

.switch      0   [ 0000f014 ]  0000780a          *   00000094   
                 [ 0000f014 ]  0000780a          *   00000060   cslVC5515L.lib : csl_dma.obj (.switch)
                 [ 0000f0d4 ]  0000786a          *   00000034                  : csl_mmcsd.obj (.switch)

.pip         0   [ 0000f13c ]  0000789e          *   00000064   UNINITIALIZED
                 [ 0000f13c ]  0000789e          *   00000064   MP3Deccfg.obj (.pip)

.sts         0   [ 0000f204 ]  00007902          *   00000038   UNINITIALIZED
                 [ 0000f204 ]  00007902          *   00000038   MP3Deccfg.obj (.sts)

.clk         0   [ 0000f274 ]  0000793a          *   00000004   UNINITIALIZED
                 [ 0000f274 ]  0000793a          *   00000004   MP3Deccfg.obj (.clk)

.LOG_system$buf 
*            0   [ 0000f280 ]  00007940          *   00000040   UNINITIALIZED
                 [ 0000f280 ]  00007940          *   00000040   MP3Deccfg.obj (.LOG_system$buf)

.hst0        0   [ 0000f300 ]  00007980          *   00000040   UNINITIALIZED
                 [ 0000f300 ]  00007980          *   00000040   MP3Deccfg.obj (.hst0)

.swi         0   [ 0000f380 ]  000079c0          *   00000014   UNINITIALIZED
                 [ 0000f380 ]  000079c0          *   00000014   MP3Deccfg.obj (.swi)

.hst         0   [ 0000f3a8 ]  000079d4          *   0000000a   UNINITIALIZED
                 [ 0000f3a8 ]  000079d4          *   0000000a   MP3Deccfg.obj (.hst)

.log         0   [ 0000f3bc ]  000079de          *   0000000a   UNINITIALIZED
                 [ 0000f3bc ]  000079de          *   0000000a   MP3Deccfg.obj (.log)

.hst1        0   [ 0000f3d0 ]  000079e8          *   00000008   UNINITIALIZED
                 [ 0000f3d0 ]  000079e8          *   00000008   MP3Deccfg.obj (.hst1)

.idl         0   [ 0000f3e0 ]  000079f0          *   00000008   UNINITIALIZED
                 [ 0000f3e0 ]  000079f0          *   00000008   MP3Deccfg.obj (.idl)

.idlcal      0   [ 0000f3f0 ]  000079f8          *   00000008   UNINITIALIZED
                 [ 0000f3f0 ]  000079f8          *   00000008   MP3Deccfg.obj (.idlcal)

.data        0   [ 0000f400 ]  00007a00          *   00000004   
                 [ 0000f400 ]  00007a00          *   00000004   lnknone.a55L : none.o55L (.data)

.dio         0   [ 0000f408 ]  00007a04          *   00000004   UNINITIALIZED
                 [ 0000f408 ]  00007a04          *   00000004   MP3Deccfg.obj (.dio)

.hwi_vec     0     0000ff00  [ 00007f80 ] 00000100          *   
                   0000ff00  [ 00007f80 ] 00000100          *   MP3Deccfg.obj (.hwi_vec)

data_section 
*            0   [ 00010000 ]  00008000          *   00004000   UNINITIALIZED
                 [ 00010000 ]  00008000          *   00004000   main.obj (data_section)

scratch_section 
*            0   [ 00018000 ]  0000c000          *   00004000   UNINITIALIZED
                 [ 00018000 ]  0000c000          *   00004000   main.obj (scratch_section)

.text        0     00020000  [ 00010000 ] 0000b3a6          *   
                   00020000  [ 00010000 ] 00002844          *   cslVC5515L.lib : csl_mmcsd.obj (.text)
                   00022844  [ 00011422 ] 00001542          *   ff.obj (.text)
                   00023d86  [ 00011ec3 ] 000011af          *   cslVC5515L.lib : csl_dma.obj (.text)
                   00024f35  [ 0001279a+] 00000d97          *   read_samples.obj (.text)
                   00025ccc  [ 00012e66 ] 00000878          *   md_aic3204.obj (.text)
                   00026544  [ 000132a2 ] 000007cb          *   cslVC5515L.lib : csl_sar.obj (.text)
                   00026d0f  [ 00013687+] 00000771          *                  : csl_i2s.obj (.text)
                   00027480  [ 00013a40 ] 00000751          *                  : csl_i2c.obj (.text)
                   00027bd1  [ 00013de8+] 00000543          *   rts55x.lib : lowlev.obj (.text)
                   00028114  [ 0001408a ] 00000528          *              : trgdrv.obj (.text)
                   0002863c  [ 0001431e ] 0000046d          *   cslVC5515L.lib : csl_gpio.obj (.text)
                   00028aa9  [ 00014554+] 000003be          *   main.obj (.text)
                   00028e67  [ 00014733+] 00000358          *   cslVC5515L.lib : csl_intc.obj (.text)
                   000291bf  [ 000148df+] 0000033d          *   oled.obj (.text)
                   000294fc  [ 00014a7e ] 00000327          *   menu_control.obj (.text)
                   00029823  [ 00014c11+] 00000307          *   tskDecode.obj (.text)
                   00029b2a  [ 00014d95 ] 0000027f          *   rts55x.lib : fopen.obj (.text)
                   00029da9  [ 00014ed4+] 00000211          *   sdcard.obj (.text)
                   00029fba  [ 00014fdd ] 000001d9          *   cslVC5515L.lib : csl_pll.obj (.text)
                   0002a193  [ 000150c9+] 00000194          *   diskio.obj (.text)
                   0002a327  [ 00015193+] 00000163          *   rts55x.lib : fputs.obj (.text)
                   0002a48a  [ 00015245 ] 00000002          *   alg_malloc.obj (.text:exit)
                   0002a48c  [ 00015246 ] 00000151          *   drivers.a55L : dio_tsk.o55L (.text)
                   0002a5dd  [ 000152ee+] 00000002          *   decode.obj (.text:exit)
                   0002a5df  [ 000152ef ] 00000001          *   --HOLE-- [fill = 20]
                   0002a5e0  [ 000152f0 ] 0000012f          *   drivers.a55L : dio_tskDynamic.o55L (.text)
                   0002a70f  [ 00015387+] 00000112          *   keys.obj (.text)
                   0002a821  [ 00015410+] 00000108          *   alg_malloc.obj (.text:create)
                   0002a929  [ 00015494+] 000000e6          *   rts55x.lib : setvbuf.obj (.text)
                   0002aa0f  [ 00015507+] 000000e2          *   alg_malloc.obj (.text)
                   0002aaf1  [ 00015578+] 000000dd          *   rts55x.lib : _io_perm.obj (.text)
                   0002abce  [ 000155e7 ] 000000c5          *   alg_create.obj (.text:create)
                   0002ac93  [ 00015649+] 000000c2          *   rts55x.lib : fflush.obj (.text)
                   0002ad55  [ 000156aa+] 000000ba          *              : trgmsg.obj (.text:CIO_breakpoint)
                   0002ae0f  [ 00015707+] 000000a1          *              : divul.obj (.text)
                   0002aeb0  [ 00015758 ] 00000088          *   decode.obj (.text)
                   0002af38  [ 0001579c ] 0000007b          *   rts55x.lib : fclose.obj (.text)
                   0002afb3  [ 000157d9+] 00000072          *              : remul.obj (.text)
                   0002b025  [ 00015812+] 00000071          *   alg_create.obj (.text:delete)
                   0002b096  [ 0001584b ] 0000006d          *   rts55x.lib : trgmsg.obj (.text)
                   0002b103  [ 00015881+] 0000006b          *              : fseek.obj (.text)
                   0002b16e  [ 000158b7 ] 00000002          *   alg_malloc.obj (.text:init)
                   0002b170  [ 000158b8 ] 0000005c          *   bios.a55L : tsk_stup.o55L (.text)
                   0002b1cc  [ 000158e6 ] 00000048          *   rts55x.lib : divli.obj (.text)
                   0002b214  [ 0001590a ] 0000003f          *              : memcpy.obj (.text)
                   0002b253  [ 00015929+] 0000003e          *              : exit.obj (.text)
                   0002b291  [ 00015948+] 0000003b          *   led_blinking.obj (.text)
                   0002b2cc  [ 00015966 ] 00000033          *   alg_control.obj (.text)
                   0002b2ff  [ 0001597f+] 0000002a          *   common.obj (.text)
                   0002b329  [ 00015994+] 00000002          *   decode.obj (.text:init)
                   0002b32b  [ 00015995 ] 00000001          *   --HOLE-- [fill = 20]
                   0002b32c  [ 00015996 ] 0000001e          *   drivers.a55L : dio.o55L (.text)
                   0002b34a  [ 000159a5 ] 00000014          *   rts55x.lib : strcpy.obj (.text)
                   0002b35e  [ 000159af ] 00000013          *              : lmpy.obj (.text)
                   0002b371  [ 000159b8+] 00000012          *              : _lock.obj (.text)
                   0002b383  [ 000159c1+] 00000011          *              : memset.obj (.text)
                   0002b394  [ 000159ca ] 0000000a          *              : remove.obj (.text)
                   0002b39e  [ 000159cf ] 00000007          *              : exit.obj (.text:CIO_breakpoint)
                   0002b3a5  [ 000159d2 ] 00000001          *   --HOLE-- [fill = 20]

.mem         0   [ 0002b3a6 ]  000159d3          *   00000001   UNINITIALIZED
                 [ 0002b3a6 ]  000159d3          *   00000001   MP3Deccfg.obj (.mem)

samples_section 
*            0   [ 0002b3a8 ]  000159d4          *   00004000   UNINITIALIZED
                 [ 0002b3a8 ]  000159d4          *   00004000   main.obj (samples_section)

.SARAM$heap 
*            0   [ 000333a8 ]  000199d4          *   00003fd0   UNINITIALIZED
                 [ 000333a8 ]  000199d4          *   00003fd0   --HOLE--

twiddle_section 
*            0   [ 0003b348 ]  0001d9a4          *   00002000   UNINITIALIZED
                 [ 0003b348 ]  0001d9a4          *   00002000   main.obj (twiddle_section)

.MP3text     0     0003f348  [ 0001f9a4 ] 00002c87          *   
                   0003f348  [ 0001f9a4 ] 0000104c          *   mp3_tni_rev3.l55l : decoder.obj (.text)
                   00040394  [ 000201ca ] 00000d20          *                     : mp3dec.obj (.text)
                   000410b4  [ 0002085a ] 00000381          *                     : stereo.obj (.text)
                   00041435  [ 00020a1a+] 0000036c          *                     : bin_huff_wrapper.obj (.text)
                   000417a1  [ 00020bd0+] 000001ea          *                     : mp3_tni_imp3.obj (.text)
                   0004198b  [ 00020cc5+] 00000139          *                     : fix_mdct.obj (.text)
                   00041ac4  [ 00020d62 ] 000000d0          *                     : common.obj (.text)
                   00041b94  [ 00020dca ] 000000bd          *                     : synfix.obj (.text)
                   00041c51  [ 00020e28+] 000000a6          *                     : mp3_tni_ialg.obj (.text:algInit)
                   00041cf7  [ 00020e7b+] 0000008c          *                     : mp3_tni_ialg.obj (.text:algMoved)
                   00041d83  [ 00020ec1+] 00000089          *                     : is_coreASm.obj (.text)
                   00041e0c  [ 00020f06 ] 00000076          *                     : mp3_tni_ialg.obj (.text:algAlloc)
                   00041e82  [ 00020f41 ] 0000006a          *                     : ms_core.obj (.text)
                   00041eec  [ 00020f76 ] 0000005d          *                     : alias.obj (.text)
                   00041f49  [ 00020fa4+] 00000044          *                     : mp3_tni_ialg.obj (.text:algFree)
                   00041f8d  [ 00020fc6+] 0000003d          *                     : getbits.obj (.text)
                   00041fca  [ 00020fe5 ] 00000004          *                     : mp3_tni_ialg.obj (.text:algNumAlloc)
                   00041fce  [ 00020fe7 ] 00000001          *   --HOLE-- [fill = 20]

.bios        0     00041fd0  [ 00020fe8 ] 00002814          *   
                   00041fd0  [ 00020fe8 ] 000003d4          *   bios.a55L : swi.o55L (.bios)
                   000423a4  [ 000211d2 ] 0000035f          *             : hwi_disp_asm.o55L (.bios)
                   00042703  [ 00021381 ] 00000001          *   --HOLE-- [fill = 20]
                   00042704  [ 00021382 ] 000001a4          *   sioboth.a55L : sio_crea.o55L (.bios)
                   000428a8  [ 00021454 ] 0000018b          *   bios.a55L : sem_pend.o55L (.bios)
                   00042a33  [ 00021519 ] 00000001          *   --HOLE-- [fill = 20]
                   00042a34  [ 0002151a ] 00000185          *             : knl_run.o55L (.bios)
                   00042bb9  [ 000215dc+] 00000183          *             : prd.o55L (.bios)
                   00042d3c  [ 0002169e ] 00000170          *             : malloc.o55L (.bios)
                   00042eac  [ 00021756 ] 0000016c          *             : mem_free.o55L (.bios:.near)
                   00043018  [ 0002180c ] 00000144          *             : knl_tick.o55L (.bios)
                   0004315c  [ 000218ae ] 00000130          *             : rta.o55L (.bios)
                   0004328c  [ 00021946 ] 0000012d          *             : mem_allo.o55L (.bios:.near)
                   000433b9  [ 000219dc+] 00000116          *             : pip.o55L (.bios)
                   000434cf  [ 00021a67+] 0000010e          *             : knl_swit.o55L (.bios)
                   000435dd  [ 00021aee ] 00000003          *   --HOLE-- [fill = 20]
                   000435e0  [ 00021af0 ] 0000010e          *   sioboth.a55L : sio_dele.o55L (.bios)
                   000436ee  [ 00021b77 ] 00000002          *   --HOLE-- [fill = 20]
                   000436f0  [ 00021b78 ] 00000104          *   bios.a55L : sem_dopo.o55L (.bios)
                   000437f4  [ 00021bfa ] 000000f8          *             : tsk_exit.o55L (.bios)
                   000438ec  [ 00021c76 ] 000000f6          *             : tsk_setu.o55L (.bios)
                   000439e2  [ 00021cf1 ] 00000002          *   --HOLE-- [fill = 20]
                   000439e4  [ 00021cf2 ] 000000bf          *             : tsk_stup.o55L (.bios)
                   00043aa3  [ 00021d51+] 000000a2          *             : c55_c.o55L (.bios)
                   00043b45  [ 00021da2+] 00000099          *             : atm.o55L (.bios)
                   00043bde  [ 00021def ] 00000002          *   --HOLE-- [fill = 20]
                   00043be0  [ 00021df0 ] 00000092          *   bios5505.a55L : clk5505_isr.o55L (.bios)
                   00043c72  [ 00021e39 ] 0000008d          *   bios.a55L : knl_chec.o55L (.bios)
                   00043cff  [ 00021e7f ] 00000001          *   --HOLE-- [fill = 20]
                   00043d00  [ 00021e80 ] 00000087          *   bios5505.a55L : clk5505_htime.o55L (.bios)
                   00043d87  [ 00021ec3+] 00000082          *   bios.a55L : sem_post_asm.o55L (.bios)
                   00043e09  [ 00021f04 ] 00000003          *   --HOLE-- [fill = 20]
                   00043e0c  [ 00021f06 ] 0000007a          *             : dev_matc.o55L (.bios)
                   00043e86  [ 00021f43 ] 00000002          *   --HOLE-- [fill = 20]
                   00043e88  [ 00021f44 ] 00000072          *             : tsk_yiel.o55L (.bios)
                   00043efa  [ 00021f7d ] 00000002          *   --HOLE-- [fill = 20]
                   00043efc  [ 00021f7e ] 00000068          *   bios5505.a55L : clk5505_meas.o55L (.bios)
                   00043f64  [ 00021fb2 ] 00000064          *                 : clk5505_start.o55L (.bios)
                   00043fc8  [ 00021fe4 ] 00000062          *   bios.a55L : obj_crea.o55L (.bios)
                   0004402a  [ 00022015 ] 00000002          *   --HOLE-- [fill = 20]
                   0004402c  [ 00022016 ] 00000062          *   sioboth.a55L : sio_issu.o55L (.bios)
                   0004408e  [ 00022047 ] 00000002          *   --HOLE-- [fill = 20]
                   00044090  [ 00022048 ] 0000005f          *   bios.a55L : knl_exit.o55L (.bios)
                   000440ef  [ 00022077 ] 00000001          *   --HOLE-- [fill = 20]
                   000440f0  [ 00022078 ] 0000005e          *             : dev_mkfr.o55L (.bios)
                   0004414e  [ 000220a7 ] 00000002          *   --HOLE-- [fill = 20]
                   00044150  [ 000220a8 ] 0000005b          *             : knl_ipos.o55L (.bios)
                   000441ab  [ 000220d5 ] 00000001          *   --HOLE-- [fill = 20]
                   000441ac  [ 000220d6 ] 0000005b          *             : sem_crea.o55L (.bios)
                   00044207  [ 00022103 ] 00000001          *   --HOLE-- [fill = 20]
                   00044208  [ 00022104 ] 0000005b          *   sioboth.a55L : sio_recl.o55L (.bios)
                   00044263  [ 00022131 ] 00000001          *   --HOLE-- [fill = 20]
                   00044264  [ 00022132 ] 00000058          *   bios.a55L : lck.o55L (.bios)
                   000442bc  [ 0002215e ] 00000051          *             : log.o55L (.bios)
                   0004430d  [ 00022186+] 0000004e          *             : sem_pend_counting.o55L (.bios)
                   0004435b  [ 000221ad ] 00000001          *   --HOLE-- [fill = 20]
                   0004435c  [ 000221ae ] 00000048          *             : sem_post.o55L (.bios)
                   000443a4  [ 000221d2 ] 00000048          *             : sts.o55L (.bios)
                   000443ec  [ 000221f6 ] 00000048          *             : sys_exit.o55L (.bios)
                   00044434  [ 0002221a ] 00000047          *             : idl_busy.o55L (.bios)
                   0004447b  [ 0002223d+] 00000046          *             : idl_cal.o55L (.bios)
                   000444c1  [ 00022260 ] 00000003          *   --HOLE-- [fill = 20]
                   000444c4  [ 00022262 ] 00000045          *             : obj_dele.o55L (.bios)
                   00044509  [ 00022284+] 00000043          *             : rta_andn.o55L (.bios)
                   0004454c  [ 000222a6 ] 00000042          *             : que_get.o55L (.bios)
                   0004458e  [ 000222c7 ] 00000002          *   --HOLE-- [fill = 20]
                   00044590  [ 000222c8 ] 00000036          *             : utl_putc.o55L (.bios)
                   000445c6  [ 000222e3 ] 00000002          *   --HOLE-- [fill = 20]
                   000445c8  [ 000222e4 ] 00000034          *             : knl_post.o55L (.bios)
                   000445fc  [ 000222fe ] 00000034          *   bios5505.a55L : clk_itime.o55L (.bios)
                   00044630  [ 00022318 ] 00000032          *   bios.a55L : mem_vall.o55L (.bios:.near)
                   00044662  [ 00022331 ] 00000025          *             : fxn.o55L (.bios)
                   00044687  [ 00022343+] 00000024          *             : idl_stub.o55L (.bios)
                   000446ab  [ 00022355 ] 00000001          *   --HOLE-- [fill = 20]
                   000446ac  [ 00022356 ] 00000024          *             : que_crea.o55L (.bios)
                   000446d0  [ 00022368 ] 00000023          *             : utl_doab.o55L (.bios)
                   000446f3  [ 00022379 ] 00000001          *   --HOLE-- [fill = 20]
                   000446f4  [ 0002237a ] 00000020          *             : utl_doer.o55L (.bios)
                   00044714  [ 0002238a ] 0000001d          *             : dev_rmfr.o55L (.bios)
                   00044731  [ 00022398 ] 00000003          *   --HOLE-- [fill = 20]
                   00044734  [ 0002239a ] 0000001a          *             : hwi_xable.o55L (.bios)
                   0004474e  [ 000223a7 ] 00000017          *             : clk_run.o55L (.bios)
                   00044765  [ 000223b2 ] 00000003          *   --HOLE-- [fill = 20]
                   00044768  [ 000223b4 ] 00000017          *             : sys_abor.o55L (.bios)
                   0004477f  [ 000223bf ] 00000001          *   --HOLE-- [fill = 20]
                   00044780  [ 000223c0 ] 00000016          *             : sys_erro.o55L (.bios:.near)
                   00044796  [ 000223cb ] 00000002          *   --HOLE-- [fill = 20]
                   00044798  [ 000223cc ] 00000010          *             : sem_dele.o55L (.bios)
                   000447a8  [ 000223d4 ] 0000000c          *             : idl.o55L (.bios)
                   000447b4  [ 000223da ] 00000008          *             : sys_one.o55L (.bios)
                   000447bc  [ 000223de ] 00000008          *             : utl_halt.o55L (.bios)
                   000447c4  [ 000223e2 ] 00000007          *             : sts_set.o55L (.bios)
                   000447cb  [ 000223e5+] 00000006          *             : gbl_vers.o55L (.bios)
                   000447d1  [ 000223e8 ] 00000003          *   --HOLE-- [fill = 20]
                   000447d4  [ 000223ea ] 00000004          *             : iom_stub.o55L (.bios)
                   000447d8  [ 000223ec ] 00000004          *   lnknone.a55L : none.o55L (.bios)
                   000447dc  [ 000223ee ] 00000002          *   bios.a55L : fxn_c.o55L (.bios)
                   000447de  [ 000223ef ] 00000002          *   --HOLE-- [fill = 20]
                   000447e0  [ 000223f0 ] 00000002          *   bios5505.a55L : clk5505_wdog.o55L (.bios)
                   000447e2  [ 000223f1 ] 00000002          *   --HOLE-- [fill = 20]

hann_section 
*            0   [ 000447e4 ]  000223f2          *   00001000   UNINITIALIZED
                 [ 000447e4 ]  000223f2          *   00001000   read_samples.obj (hann_section)

tmp_section 
*            0   [ 000467e4 ]  000233f2          *   00001000   UNINITIALIZED
                 [ 000467e4 ]  000233f2          *   00001000   main.obj (tmp_section)

MP3_TNI_DCT_TEXT 
*            0     000487e4  [ 000243f2 ] 00000d7a          *   
                   000487e4  [ 000243f2 ] 00000d79          *   mp3_tni_rev3.l55l : chen_d_dct.obj (MP3_TNI_DCT_TEXT)
                   0004955d  [ 00024aae ] 00000001          *   --HOLE-- [fill = 20]

MP3_TNI_MDCT_TEXT 
*            0     00049560  [ 00024ab0 ] 00000b44          *   
                   00049560  [ 00024ab0 ] 000006b0          *   mp3_tni_rev3.l55l : imdctmpg36.obj (MP3_TNI_MDCT_TEXT)
                   00049c10  [ 00024e08 ] 000001c4          *                     : mdct_short_only.obj (MP3_TNI_MDCT_TEXT)
                   00049dd4  [ 00024eea ] 00000174          *                     : imdctmpg12.obj (MP3_TNI_MDCT_TEXT)
                   00049f48  [ 00024fa4 ] 000000f6          *                     : fix_mdct.obj (MP3_TNI_MDCT_TEXT)
                   0004a03e  [ 0002501f ] 00000002          *   --HOLE-- [fill = 20]
                   0004a040  [ 00025020 ] 00000062          *                     : mdct_long_only.obj (MP3_TNI_MDCT_TEXT)
                   0004a0a2  [ 00025051 ] 00000002          *   --HOLE-- [fill = 20]

.sysstack 
*            0   [ 0004a0a4 ]  00025052          *   00000100   UNINITIALIZED
                 [ 0004a0a4 ]  00025052          *   00000100   --HOLE--

.stack       0   [ 0004a2a4 ]  00025152          *   00000400   UNINITIALIZED
                 [ 0004a2a4 ]  00025152          *   00000400   --HOLE--

.menu_control$stk 
*            0   [ 0004aaa4 ]  00025552          *   00000500   UNINITIALIZED
                 [ 0004aaa4 ]  00025552          *   00000500   MP3Deccfg.obj (.menu_control$stk)

twiddleI_section 
*            0   [ 0004b4a4 ]  00025a52          *   00000400   UNINITIALIZED
                 [ 0004b4a4 ]  00025a52          *   00000400   main.obj (twiddleI_section)

twiddleR_section 
*            0   [ 0004bca4 ]  00025e52          *   00000400   UNINITIALIZED
                 [ 0004bca4 ]  00025e52          *   00000400   main.obj (twiddleR_section)

MP3_TNI_HUFF_TEXT 
*            0     0004c4a4  [ 00026252 ] 000004c8          *   
                   0004c4a4  [ 00026252 ] 000004c6          *   mp3_tni_rev3.l55l : bin_search_huff.obj (MP3_TNI_HUFF_TEXT)
                   0004c96a  [ 000264b5 ] 00000002          *   --HOLE-- [fill = 20]

.sysinit     0     0004c96c  [ 000264b6 ] 00000400          *   
                   0004c96c  [ 000264b6 ] 00000111          *   bios.a55L : mem_init.o55L (.sysinit)
                   0004ca7d  [ 0002653e+] 000000dd          *   MP3Deccfg.obj (.sysinit)
                   0004cb5a  [ 000265ad ] 00000002          *   --HOLE-- [fill = 20]
                   0004cb5c  [ 000265ae ] 000000a1          *   bios.a55L : dev_init.o55L (.sysinit)
                   0004cbfd  [ 000265fe ] 00000003          *   --HOLE-- [fill = 20]
                   0004cc00  [ 00026600 ] 00000084          *             : tsk_init.o55L (.sysinit)
                   0004cc84  [ 00026642 ] 00000071          *             : autoinit.o55L (.sysinit)
                   0004ccf5  [ 0002667a+] 0000006f          *             : boot.o55L (.sysinit)
                   0004cd64  [ 000266b2 ] 00000002          *             : obj_init.o55L (.sysinit)
                   0004cd66  [ 000266b3 ] 00000002          *   --HOLE-- [fill = 20]
                   0004cd68  [ 000266b4 ] 00000002          *   drivers.a55L : dio.o55L (.sysinit)
                   0004cd6a  [ 000266b5 ] 00000002          *   --HOLE-- [fill = 20]

MP3_TNI_MAD_TEXT 
*            0     0004cd6c  [ 000266b6 ] 0000035c          *   
                   0004cd6c  [ 000266b6 ] 0000035a          *   mp3_tni_rev3.l55l : madsyn.obj (MP3_TNI_MAD_TEXT)
                   0004d0c6  [ 00026863 ] 00000002          *   --HOLE-- [fill = 20]

.sysdata     0   [ 0004d0c8 ]  00026864          *   000000c8   UNINITIALIZED
                 [ 0004d0c8 ]  00026864          *   000000b0   bios.a55L : biosdata.o55L (.sysdata)
                 [ 0004d228 ]  00026914          *   00000016             : rta.o55L (.sysdata)
                 [ 0004d254 ]  0002692a          *   00000002             : idl_busy.o55L (.sysdata)

.gblinit     0   [ 0004d258 ]  0002692c          *   0000003d   
                 [ 0004d258 ]  0002692c          *   0000003d   MP3Deccfg.obj (.gblinit)

.devtable 
*            0   [ 0004d2d4 ]  0002696a          *   00000024   UNINITIALIZED
                 [ 0004d2d4 ]  0002696a          *   00000024   MP3Deccfg.obj (.devtable)

.args        0   [ 0004d31c ]  0002698e          *   00000008   
                 [ 0004d31c ]  0002698e          *   00000008   --HOLE-- [fill = 0]

.sys         0   [ 0004d32c ]  00026996          *   00000008   UNINITIALIZED
                 [ 0004d32c ]  00026996          *   00000008   MP3Deccfg.obj (.sys)

.trcdata     0   [ 0004d33c ]  0002699e          *   00000003   
                 [ 0004d33c ]  0002699e          *   00000003   bios.a55L : trc.o55L (.trcdata)


GLOBAL SYMBOLS: SORTED ALPHABETICALLY BY Name 

abs. value/
byte addr   word addr   name
---------   ---------   ----
00000002                $TI_capability$C5500$CallingConvention
00000002                $TI_capability$C5500$MemoryModel
00000001                $TI_capability_requires_rev3
            00002148    .bss
            00007a00    .data
00020000                .text
00000014                BIOSDATA_O_CLK_D_COUNTSPMS
0000000e                BIOSDATA_O_CLK_D_DIRTY
00000016                BIOSDATA_O_CLK_D_IDLETIME
00000018                BIOSDATA_O_CLK_D_ISRHOOK
00000010                BIOSDATA_O_CLK_D_PRD
0000001a                BIOSDATA_O_CLK_D_TABBEG
00000012                BIOSDATA_O_CLK_D_TDDR
0000001c                BIOSDATA_O_CLK_D_TIMEFXN
00000006                BIOSDATA_O_CLK_HTIMEDIV
00000008                BIOSDATA_O_CLK_HTIMEMULT
0000000a                BIOSDATA_O_CLK_LTIMEDIV
0000000c                BIOSDATA_O_CLK_LTIMEMULT
0000001e                BIOSDATA_O_CLK_R_TIMH
0000001f                BIOSDATA_O_CLK_R_TIML
00000020                BIOSDATA_O_HST_D_CHANMASK
000000a0                BIOSDATA_O_HST_D_TABBEGADDR
000000a2                BIOSDATA_O_HST_D_TABENDADDR
00000088                BIOSDATA_O_HWI_D_SPSAVE
0000008a                BIOSDATA_O_HWI_D_SSPSAVE
0000008c                BIOSDATA_O_HWI_D_STKBOTADDR
00000090                BIOSDATA_O_HWI_D_STKTOPADDR
0000008e                BIOSDATA_O_HWI_D_SYSTKBOTADDR
00000092                BIOSDATA_O_HWI_D_SYSTKTOPADDR
00000022                BIOSDATA_O_IDL_D_CALBEG
00000024                BIOSDATA_O_IDL_D_CALIBRATE
00000026                BIOSDATA_O_IDL_D_TABBEG
00000028                BIOSDATA_O_LOG_D_SYSTEM
00000098                BIOSDATA_O_MEM_D_FREELIST
0000009a                BIOSDATA_O_MEM_D_LOCKADDR
00000096                BIOSDATA_O_MEM_D_MEMTAB
00000095                BIOSDATA_O_MEM_D_NUMSEGMENTS
0000009c                BIOSDATA_O_MEM_D_UNLOCKADDR
0000002a                BIOSDATA_O_PIP_D_TABBEG
0000002c                BIOSDATA_O_PIP_D_TABLEN
0000002e                BIOSDATA_O_PRD_D_CUR
00000030                BIOSDATA_O_PRD_D_ELAPSED
00000031                BIOSDATA_O_PRD_D_PREVTIM
00000032                BIOSDATA_O_PRD_D_SCALAR
00000034                BIOSDATA_O_PRD_D_SWIHANDLE
00000036                BIOSDATA_O_PRD_D_TABBEG
00000038                BIOSDATA_O_PRD_D_TABLEN
0000003a                BIOSDATA_O_PRD_D_THOOK
0000003c                BIOSDATA_O_PRD_D_TICKH
0000003d                BIOSDATA_O_PRD_D_TICKL
000000a8                BIOSDATA_O_RTDX_D_BUFREAD
000000aa                BIOSDATA_O_RTDX_D_BUFWRITE
00000046                BIOSDATA_O_SWI_D_CURFXN
00000042                BIOSDATA_O_SWI_D_CURMASK
00000045                BIOSDATA_O_SWI_D_CURMBOX
00000043                BIOSDATA_O_SWI_D_CURSET
00000040                BIOSDATA_O_SWI_D_EXECADDR
00000044                BIOSDATA_O_SWI_D_LOCK
00000048                BIOSDATA_O_SWI_D_RDYBEG
0000004a                BIOSDATA_O_SWI_D_RDYTAB
0000003e                BIOSDATA_O_SWI_D_RUNADDR
0000009e                BIOSDATA_O_SYS
000000a4                BIOSDATA_O_TSK_D_IDLSTKADDR
000000a6                BIOSDATA_O_TSK_D_IDLSYSTKADDR
0004ca7d                BIOS_init
0004cb16                BIOS_start
00000000                BUF$
00000001                BUF_ENABLED
0002b39f                C$$EXIT
0002ae0a                C$$IO$$
            00026864    C55_BIOSDATAOBJ
00000001                CLK$
0000793a                CLK_A_TABBEG
0000f274                CLK_A_TABBEGb
00000001                CLK_CALDIV
00000004                CLK_CALMULT
0000c350                CLK_COUNTSPMS
00000000                CLK_COUNTSPMSHIGH
            0002687a    CLK_D_idletime
            0002687c    CLK_D_isrhook
            0002687e    CLK_D_tabbeg
            00026880    CLK_D_timefxn
00044759                CLK_F_dispRun
00043d40                CLK_F_gethtime
000445fc                CLK_F_itime
00044759                CLK_HOOKFXN
00000001                CLK_HTIMEDIV
00000002                CLK_HTIMEMULT
0000c350                CLK_HTIMEPERLTIME
00000010                CLK_IMR0TINTMASK
00000000                CLK_IMR1TINTMASK
00000000                CLK_INTBIT
00000004                CLK_INTID
00000001                CLK_LTIMEDIV
000186a0                CLK_LTIMEMULT
000003e8                CLK_MICROSECS
            0000793c    CLK_NULL
0000c34f                CLK_PRD
00000000                CLK_PRDHIGH
00001810                CLK_REGS
            00026882    CLK_R_timh
            00026883    CLK_R_timl
00000020                CLK_TCR
00000000                CLK_TDDR
00000000                CLK_TDDRHIGH
00043d40                CLK_TIMEFXN
00000001                CLK_TIMER0ARG
00043c28                CLK_TIMER0FUNC
00000000                CLK_TIMER1ARG
00044662                CLK_TIMER1FUNC
00000000                CLK_TIMER2ARG
00044662                CLK_TIMER2FUNC
00000046                CLK_TIMERIFR
00000045                CLK_TIMERIMR
00000010                CLK_TIMERIMRMASK
00000000                CLK_TIMERNUM
00000001                CLK_USETIMER
ffffffff                DARAM
ffffffff                DARAM2
00000000                DEV$
00000000                DGN$
00000000                DHL$
00000000                DHL_gChannelsAvailable
00000001                DIO$
00000000                DIO_NUMSWIBASE
00000000                DIO_NUMTSKBASE
00000000                DIO_STATIC
            00026970    DIO_audioDAC$device
            0002696a    DIO_audioDAC$obj
00000000                DPI$
00044662                FXN_F_nop
00044664                FXN_F_run
00044685                FXN_F_selfLoop
00044681                FXN_F_zero
00000001                GBL$
00005205                GBL_A_VERSION
000447dc                GBL_BIOS_BOOTFXN
00f80000                GBL_CACHEICRTAG1
00f81000                GBL_CACHEICRTAG2
00000002                GBL_CACHETYPE
00000000                GBL_CALLCSLCFGINIT
00004e20                GBL_CLKIN
00000001                GBL_CLKMD
00001581                GBL_CLKTYPE
00000001                GBL_DCRPOSTEDWRITE
00001581                GBL_DSPSUBTYPE
00000037                GBL_DSPTYPE
00000000                GBL_ENABLEICACHE
00000001                GBL_ENABLEINST
00000042                GBL_FOOTPRINT
000186a0                GBL_FREQ
00000001                GBL_LARGEMODEL
00000000                GBL_MODIFYCLKMD
00000000                GBL_NULL
00008000                GBL_PLLDIV0
00008003                GBL_PLLDIV1
0000000f                GBL_PLLM
00000000                GBL_PROCID
00000000                GBL_ROM
00000000                GBL_SUPPORTCSL
0000dbef                GBL_TRCMASKVALUE
00000001                GBL_USERINIT
00028da2                GBL_USERINITFXN
00000001                GBL_boot
            000269a0    GBL_initdone
            00025152    GBL_stackbeg
            00025551    GBL_stackend
            00025052    GBL_sysstackbeg
            00025151    GBL_sysstackend
00000000                GIO$
000447dc                GIO_CREATEFXN
000447dc                GIO_DELETEFXN
000447dc                GIO_PENDFXN
000447dc                GIO_POSTFXN
00000000                HOOK$
00000000                HOOK_KNLID
00000001                HST$
000079d4                HST_A_TABBEG
0000f3a8                HST_A_TABBEGb
000079de                HST_A_TABEND
0000f3bc                HST_A_TABENDb
00000000                HST_BIOSLINK
00000000                HST_DSM
ffffffff                HST_DSMBUFSEG
00000400                HST_DSMMEMSIZE
            00026884    HST_D_chanmask
            00026904    HST_D_tabbegaddr
            00026906    HST_D_tabendaddr
00000100                HST_MAXFRAMEALLOWED
00000000                HST_MAXFRAMESET
00000001                HST_NONE
00000000                HST_RTDX
00000001                HWI$
0000ff00                HWI_A_VECS
00000018                HWI_BERR
00000019                HWI_DLOG
            000268f8    HWI_D_inhwi
            000268ec    HWI_D_spsave
            000268ee    HWI_D_sspsave
            000268f0    HWI_D_stkbotaddr
            000268f4    HWI_D_stktopaddr
            000268f2    HWI_D_systkbotaddr
            000268f6    HWI_D_systktopaddr
000423a4                HWI_F_dispatch
0000000a                HWI_INT10
0000000b                HWI_INT11
0000000c                HWI_INT12
0000000d                HWI_INT13
0000000e                HWI_INT14
0000000f                HWI_INT15
00000010                HWI_INT16
00000011                HWI_INT17
00000012                HWI_INT18
00000013                HWI_INT19
00000002                HWI_INT2
00000014                HWI_INT20
00000015                HWI_INT21
00000016                HWI_INT22
00000017                HWI_INT23
00000003                HWI_INT3
00000004                HWI_INT4
00000005                HWI_INT5
00000006                HWI_INT6
00000007                HWI_INT7
00000008                HWI_INT8
00000009                HWI_INT9
00000001                HWI_NMI
00000000                HWI_RESET
0000001a                HWI_RTOS
0000001b                HWI_SINT27
0000001c                HWI_SINT28
0000001d                HWI_SINT29
0000001e                HWI_SINT30
0000001f                HWI_SINT31
00000004                HWI_TINT
00000000                HWI_ZEROTAB
0002b35e                I$$LMPY
00000001                IDL$
000079f8                IDL_A_CALBEG
0000f3f0                IDL_A_CALBEGb
000079f0                IDL_A_TABBEG
0000f3e0                IDL_A_TABBEGb
00000000                IDL_CALIBRERROR
00044687                IDL_CALIBRFXN
            0002692a    IDL_D_busyObj
            00026886    IDL_D_calbeg
            00026888    IDL_D_calibrate
            0002688a    IDL_D_tabbeg
            000079f6    IDL_END
            000079fe    IDL_END$
00044434                IDL_F_busy
000447a8                IDL_F_loop
00000001                IDL_USECLKIDLTIME
            00007934    IDL_busyObj
            000071c5    IDL_busyObj$avgfmt
00000001                IDL_busyObj$filter
00000001                IDL_busyObj$iA
00000000                IDL_busyObj$iB
00000001                IDL_busyObj$iC
            000071bf    IDL_busyObj$maxfmt
00000000                IDL_busyObj$operation
            00007932    IDL_busyObj$stsobj
            000071c2    IDL_busyObj$sumfmt
00000002                IDL_busyObj$unittype
            000079f0    IDL_cpuLoad
            000079f8    IDL_cpuLoad$
00000001                ISRC$
0004351d                KNL_glue
            000079c0    KNL_swi
00000001                KNL_swi$dorta
00000000                KNL_swi$ord
00000000                KNL_swi$pri
            00007904    KNL_swi$sts
            00007133    KNL_swi$sts$avgfmt
00000002                KNL_swi$sts$filter
00000001                KNL_swi$sts$filtmaxmult
00000001                KNL_swi$sts$filtsummult
            00007123    KNL_swi$sts$maxfmt
            00007902    KNL_swi$sts$stsobj
            0000712b    KNL_swi$sts$sumfmt
00000000                KNL_swi$sts$unittype
00000000                KNL_swi$swi
0004355c                KNL_tick_stub
00000001                LCK$
            00007a01    LNK_D_dataReadyMask
            00007a00    LNK_D_fromHostMask
000447da                LNK_F_dataPump
000447d8                LNK_F_init
            000079f2    LNK_dataPump
            000079fa    LNK_dataPump$
            00007a03    LNK_dspFrameReadyMask
            00007a02    LNK_dspFrameRequestMask
00000001                LOG$
000079de                LOG_A_TABBEG
0000f3bc                LOG_A_TABBEGb
000079e8                LOG_A_TABEND
0000f3d0                LOG_A_TABENDb
00000001                LOG_A_TABLEN
            0002688c    LOG_D_system
00000001                LOG_ENABLED
000442bc                LOG_F_event
            000079de    LOG_system
            00007940    LOG_system$buf
00000000                LOG_system$datatype
00000000                LOG_system$log
00000040                LOG_system$size
00000000                MBX$
00000001                MEM$
            000040da    MEM_MALLOCSEG
00000000                MEM_NULL
            000040da    MEM_SEGZERO
00000001                MEM_gNumHeap
00000000                MSGQ$
00000000                MSGQ_USEMSGQ
00000000                OBJ$
00000000                PIP$
0000789e                PIP_A_TABBEG
0000f13c                PIP_A_TABBEGb
00007902                PIP_A_TABEND
0000f204                PIP_A_TABENDb
00000002                PIP_A_TABLEN
            0002688e    PIP_D_tabbeg
            00026890    PIP_D_tablen
0004340f                PIP_F_give
0004340d                PIP_F_probe
00043481                PIP_F_start
000433b9                PIP_F_take
00000064                PIP_OBJSIZE
00000000                PIP_gNextId
00000002                PIP_gNumEmbed
00000000                POOL$
00000000                POOL_USEPOOL
00000001                PRD$
00000060                PRD_A_TABBEG
000000c0                PRD_A_TABBEGb
00000060                PRD_A_TABEND
000000c0                PRD_A_TABENDb
00000000                PRD_A_TABLEN
            00026892    PRD_D_cur
            00026894    PRD_D_elapsed
            00026895    PRD_D_prevtim
            00026896    PRD_D_scalar
            00026898    PRD_D_swihandle
            0002689a    PRD_D_tabbeg
            0002689c    PRD_D_tablen
            0002689e    PRD_D_thook
            000268a0    PRD_D_tickh
            000268a1    PRD_D_tickl
00042bb9                PRD_F_swi
00042cdb                PRD_F_tick
00004000                PRD_SCALAR
00000000                PRD_SWIHANDLE
0004355c                PRD_THOOKFXN
            0000793a    PRD_clock
00000001                PWRM$
00000000                PWRM_PWRM_ADAPTCLK
000447dc                PWRM_PWRM_BOOTHOOKFXN
00000023                PWRM_PWRM_CAPSMASK
0000003f                PWRM_PWRM_DS_IDLEMASK
00000000                PWRM_PWRM_ENABLE
00000005                PWRM_PWRM_IDLEMASK
00000000                PWRM_PWRM_IER0
00000000                PWRM_PWRM_IER1
00000640                PWRM_PWRM_INITMILVOLTS
0000000f                PWRM_PWRM_INITSP
00000000                PWRM_PWRM_SCALING
00000001                QUE$
            00026914    RTA_D_fromHost
            00026918    RTA_D_logval
            00026922    RTA_D_stsval
            00026916    RTA_D_toHost
00044509                RTA_F_andn
000431e5                RTA_F_dispatch
0004315c                RTA_F_getlog
00043188                RTA_F_getsts
0004451f                RTA_F_or
000431b7                RTA_F_readblk
000431ca                RTA_F_resetmem
000431c6                RTA_F_writeword
            000079f4    RTA_dispatcher
            000079fc    RTA_dispatcher$
            000079d6    RTA_fromHost
            000079e8    RTA_fromHost$buf
00000008                RTA_fromHost$framesize
00000000                RTA_fromHost$hst
00000001                RTA_fromHost$id
00000000                RTA_fromHost$mode
            0000789e    RTA_fromHost$pipe
            000040dc    RTA_fromHost$pipe$dtab
            000078a0    RTA_fromHost$pipe$rd
            000078a2    RTA_fromHost$pipe$rdaddr
            000078a6    RTA_fromHost$pipe$rdcurdesc
            000078a4    RTA_fromHost$pipe$rdsize
            000078b6    RTA_fromHost$pipe$rdstshdl
            000078b8    RTA_fromHost$pipe$wr
            000078ba    RTA_fromHost$pipe$wraddr
            000078be    RTA_fromHost$pipe$wrcurdesc
            000078bc    RTA_fromHost$pipe$wrsize
            000078ce    RTA_fromHost$pipe$wrstshdl
            000079da    RTA_toHost
            00007980    RTA_toHost$buf
00000040                RTA_toHost$framesize
00000000                RTA_toHost$hst
00000000                RTA_toHost$id
00000001                RTA_toHost$mode
            000078d0    RTA_toHost$pipe
            000040e2    RTA_toHost$pipe$dtab
            000078d2    RTA_toHost$pipe$rd
            000078d4    RTA_toHost$pipe$rdaddr
            000078d8    RTA_toHost$pipe$rdcurdesc
            000078d6    RTA_toHost$pipe$rdsize
            000078e8    RTA_toHost$pipe$rdstshdl
            000078ea    RTA_toHost$pipe$wr
            000078ec    RTA_toHost$pipe$wraddr
            000078f0    RTA_toHost$pipe$wrcurdesc
            000078ee    RTA_toHost$pipe$wrsize
            00007900    RTA_toHost$pipe$wrstshdl
00000000                RTDX$
00000102                RTDX_BUFMEMSIZE
ffffffff                RTDX_DATAMEMSEG
            0002690c    RTDX_D_BufRead
            0002690e    RTDX_D_BufWrite
00000000                RTDX_MODE
00000000                RTDX_USERTDX
00000000                RTDX_USERTEXECUTION
            000040da    SARAM
000199d4                SARAM$B
000333a8                SARAM$Bb
00007fa0                SARAM$L
00000000                SEM$
00000000                SIO$
00000001                STS$
00007902                STS_A_TABBEG
0000f204                STS_A_TABBEGb
0000793a                STS_A_TABEND
0000f274                STS_A_TABENDb
000443c6                STS_F_add
000443a4                STS_F_delta
000443de                STS_F_reset
00000001                SWI$
000079c0                SWI_A_TABBEG
0000f380                SWI_A_TABBEGb
000079d4                SWI_A_TABEND
0000f3a8                SWI_A_TABENDb
00000001                SWI_A_TABLEN
            000268aa    SWI_D_curfxn
            000268a6    SWI_D_curmask
            000268a9    SWI_D_curmbox
            000268a7    SWI_D_curset
            000268a4    SWI_D_execaddr
            000268ea    SWI_D_inswi
            000268a8    SWI_D_lock
            000268ac    SWI_D_rdybeg
            000268ae    SWI_D_rdytab
            000268a2    SWI_D_runaddr
00000000                SWI_EHOOKFXN
00042116                SWI_EXECFXN
00041fd0                SWI_F_enable
00042116                SWI_F_exec
0004208e                SWI_F_exec_sync
00042003                SWI_F_post
00042202                SWI_F_run
00000000                SWI_IHOOKFXN
00042202                SWI_RUNFXN
00000001                SYS$
            00026996    SYS$config
000446d0                SYS_ABORTFXN
000446f4                SYS_ERRORFXN
000447bc                SYS_EXITFXN
00044590                SYS_PUTCFXN
00004000                TRC_GBLTARG
            0002699f    TRC_R_mask
            0002699e    TRC_cinit
00000001                TSK$
            00026908    TSK_D_idlstkaddr
            0002690a    TSK_D_idlsystkaddr
00000000                TSK_NUM_HOOKS
00000001                TSK_PRIORITY
00000000                TSK_READYFXN
00000000                TSK_STACKSEG
00000400                TSK_STACKSIZE
00000000                TSK_SWITCHFXN
00000100                TSK_SYSTACKSIZE
000447dc                TSK_VCREATEFXN
000447dc                TSK_VDELETEFXN
000447dc                TSK_VEXITFXN
            000075b6    TSK_idle
00000001                TSK_idle$ord
00000000                TSK_idle$pri
            000052be    TSK_idle$stack
            000056a0    TSK_idle$stkptr
            0000790c    TSK_idle$sts
            0000714d    TSK_idle$sts$avgfmt
00000002                TSK_idle$sts$filter
00000001                TSK_idle$sts$filtmaxmult
00000001                TSK_idle$sts$filtsummult
            0000713d    TSK_idle$sts$maxfmt
            0000790a    TSK_idle$sts$stsobj
            00007145    TSK_idle$sts$sumfmt
00000000                TSK_idle$sts$unittype
            000056be    TSK_idle$sysstack
            000057a0    TSK_idle$sysstkptr
00000000                TSK_idle$tsk
            000075ce    TSK_idle$tskobj
00000001                UDEV$
            00026982    UDEV_AIC3204$device
            0002697c    UDEV_AIC3204$obj
ffffffff                VECT
            000070f2    _AIC3204_DEVPARAMS
            00003dc6    _AIC3204_FXNS
0002aa0f                _ALG_activate
0002b2cc                _ALG_control
0002abce                _ALG_create
0002aa2e                _ALG_deactivate
0002b025                _ALG_delete
0002a48a                _ALG_exit
0002b16e                _ALG_init
00043b45                _ATM_andi
00043b45                _ATM_andu
00043b60                _ATM_cleari
00043b60                _ATM_clearu
00043b77                _ATM_deci
00043b77                _ATM_decu
00043b91                _ATM_inci
00043b91                _ATM_incu
00043bab                _ATM_ori
00043bab                _ATM_oru
00043bc6                _ATM_seti
00043bc6                _ATM_setu
0004ca7d                _BIOS_init
0004cb16                _BIOS_start
00043b1b                _C55_clearIFR0
00043b30                _C55_clearIFR1
00043aa3                _C55_disableIMR0
00043ac6                _C55_disableIMR1
00043ae9                _C55_enableIMR0
00043b02                _C55_enableIMR1
0000c350                _CLK_COUNTSPMS
            00004154    _CLK_DFLTMICROSECS
            00026878    _CLK_D_countspms
            00026872    _CLK_D_dirty
            00004156    _CLK_D_microseconds
            00026874    _CLK_D_prd
            00026876    _CLK_D_tddr
0000c34f                _CLK_PRD
00001810                _CLK_REGS
00000020                _CLK_TCR
00000000                _CLK_TDDR
00000000                _CLK_TIMERNUM
00000001                _CLK_USETIMER
00044759                _CLK_dispRun
00043be0                _CLK_dispatch
00043d34                _CLK_getfhtime
00043d40                _CLK_getshtime
            0002686a    _CLK_htimeDiv
            0002686c    _CLK_htimeMult
            0000416c    _CLK_htimePerLtime
00043c28                _CLK_isr
            0002687c    _CLK_isrhook
000445fc                _CLK_itime
            0002686e    _CLK_ltimeDiv
            00026870    _CLK_ltimeMult
00043efc                _CLK_measure
0004474e                _CLK_run
00043f64                _CLK_start
00043fc0                _CLK_stop
            00026882    _CLK_time
            0000412a    _CLK_timer0arg
            00004124    _CLK_timer0func
            0000412c    _CLK_timer1arg
            00004126    _CLK_timer1func
            0000412e    _CLK_timer2arg
            00004128    _CLK_timer2func
00001810                _CLK_timer5505
00001c14                _CLK_timerIAFR
00000000                _CLK_timerNum
000447e0                _CLK_wdogdisable
00025b71                _CPLX_Add
00025ca2                _CPLX_Mod
00025b09                _CPLX_Mul
ffffffff                _DARAM
ffffffff                _DARAM2
0002af10                _DECODE_algMoved
0002aeb0                _DECODE_decode
0002a5dd                _DECODE_exit
0002aede                _DECODE_getStatus
0002b329                _DECODE_init
0002aefa                _DECODE_reset
            000040ea    _DEV_D_devinit
            000040e8    _DEV_devinit
0004cb5c                _DEV_init
00043e0c                _DEV_match
000440f0                _DEV_mkframe
00044714                _DEV_rmframe
0002b32c                _DIO_ctrl
0004cd68                _DIO_init
0002a48c                _DIO_tskCallback
            00004116    _DIO_tskDynamicFxns
0002a4c0                _DIO_tskIdle
0002a53c                _DIO_tskIssue
0002a59c                _DIO_tskReady
0002a5bc                _DIO_tskReclaim
            00003d60    _DMA_PARAMS_CODEC
00024f21                _DMA_close
00024683                _DMA_config
000243cb                _DMA_getConfig
0002436a                _DMA_getLastTransferType
00024322                _DMA_init
000242a7                _DMA_open
00023f12                _DMA_reset
00023e62                _DMA_start
00023db2                _DMA_stop
00023d86                _DMA_swapWords
000291bf                _DisplayString
000447dc                _FXN_F_nop
            000030e0    _FatFs
            00026866    _GBL_clkIn
            00026868    _GBL_freq
000447cb                _GBL_getVersion
            00026864    _GBL_procId
00028a57                _GPIO_clearInt
00028a3b                _GPIO_close
000289c9                _GPIO_config
0002890a                _GPIO_configBit
000288be                _GPIO_disableInt
0002886e                _GPIO_enableInt
000287fc                _GPIO_getConfig
000287d3                _GPIO_open
00028779                _GPIO_read
000286f8                _GPIO_reset
000286a1                _GPIO_statusBit
0002863c                _GPIO_write
            00004160    _GpioObj
000285de                _HOSTclock
00028573                _HOSTclose
000284be                _HOSTlseek
0002841f                _HOSTopen
00028392                _HOSTread
000282e4                _HOSTrename
00028286                _HOSTtime
0002821c                _HOSTunlink
0002818f                _HOSTwrite
000079d4                _HST_A_TABBEG
000079de                _HST_A_TABEND
            0000711b    _HST_HOST_CHANNEL_DRIVER
00000018                _HWI_BERR
00000019                _HWI_DLOG
            000268f8    _HWI_D_inhwi
            000268ec    _HWI_D_spsave
            000268ee    _HWI_D_sspsave
00042623                _HWI_F_DispIsr0
000423a4                _HWI_F_dispatch
0000000a                _HWI_INT10
0000000b                _HWI_INT11
0000000c                _HWI_INT12
0000000d                _HWI_INT13
0000000e                _HWI_INT14
0000000f                _HWI_INT15
00000010                _HWI_INT16
00000011                _HWI_INT17
00000012                _HWI_INT18
00000013                _HWI_INT19
00000002                _HWI_INT2
00000014                _HWI_INT20
00000015                _HWI_INT21
00000016                _HWI_INT22
00000017                _HWI_INT23
00000003                _HWI_INT3
00000004                _HWI_INT4
00000005                _HWI_INT5
00000006                _HWI_INT6
00000007                _HWI_INT7
00000008                _HWI_INT8
00000009                _HWI_INT9
00000001                _HWI_NMI
00000000                _HWI_RESET
0000001a                _HWI_RTOS
0000001b                _HWI_SINT27
0000001c                _HWI_SINT28
0000001d                _HWI_SINT29
0000001e                _HWI_SINT30
0000001f                _HWI_SINT31
            00025552    _HWI_STKBOTTOM
            00025152    _HWI_STKTOP
            00025152    _HWI_SYSSTKBOTTOM
            00025052    _HWI_SYSSTKTOP
00000004                _HWI_TINT
            000268ec    _HWI_data
00044734                _HWI_disable
            0000768c    _HWI_dispatchTab
00044744                _HWI_enable
00044748                _HWI_restore
            00003d56    _I2C_PARAMS
00027adc                _I2C_config
00027a2e                _I2C_eventDisable
00027980                _I2C_eventEnable
000278d1                _I2C_getConfig
000278bd                _I2C_getEventId
00027883                _I2C_init
00027769                _I2C_read
0002770f                _I2C_setCallback
00027597                _I2C_setup
00027480                _I2C_write
            00003d48    _I2S_PARAMS
00027410                _I2S_close
00027352                _I2S_open
00027147                _I2S_read
000270aa                _I2S_reset
00026e3f                _I2S_setup
00026e08                _I2S_transEnable
00026d0f                _I2S_write
00044434                _IDL_busy
            00007934    _IDL_busyObj
0004447b                _IDL_calibrate
            000079f0    _IDL_cpuLoad
00044460                _IDL_init
000447a8                _IDL_loop
00044687                _IDL_stub
            00006e76    _IMP3_PARAMS
000447d4                _IOM_mdNotImpl
0002917b                _IRQ_clear
00029167                _IRQ_clearAll
0002911b                _IRQ_config
000290d3                _IRQ_disable
000290c1                _IRQ_disableAll
00029077                _IRQ_enable
0002903a                _IRQ_getArg
00028fec                _IRQ_getConfig
00028e67                _IRQ_globalDisable
00028fdd                _IRQ_globalEnable
00028e76                _IRQ_globalRestore
00028f90                _IRQ_init
00028f66                _IRQ_map
00028f21                _IRQ_restore
00028efa                _IRQ_setArg
00028ed4                _IRQ_setVecs
00028e82                _IRQ_test
            00003f02    _KNL_alarm
00043c72                _KNL_check
            00003f2a    _KNL_curqueue
            00003f22    _KNL_curtask
            00003f26    _KNL_curtime
            00003f0a    _KNL_dummy
00044090                _KNL_enter
000440d0                _KNL_exit
00043ccd                _KNL_idle
            00003f36    _KNL_idlefxn
            00003f06    _KNL_inactive
00044150                _KNL_ipost
00043cea                _KNL_max
            00003f2c    _KNL_maxqueue
000445c8                _KNL_post
            00003f24    _KNL_prevtask
            00003f08    _KNL_priority
            00003eb0    _KNL_queues
00042a34                _KNL_run
0004357c                _KNL_saveIsrFrame
            00003eaf    _KNL_set
            00003f04    _KNL_setpri
            000079c0    _KNL_swi
            00003f28    _KNL_swiptr
000434cf                _KNL_switch
            00003f30    _KNL_tcreatefxn
            00003f32    _KNL_tdeletefxn
0004314c                _KNL_tick
            00003f34    _KNL_treadyfxn
            00003f2e    _KNL_tswitchfxn
            00003eae    _KNL_wFlag
            00003f00    _KNL_wList
00044284                _LCK_pend
00044264                _LCK_post
            000079f2    _LNK_dataPump
000079de                _LOG_A_TABBEG
000079e8                _LOG_A_TABEND
00000001                _LOG_A_TABLEN
            0002688c    _LOG_D_system
000442bc                _LOG_event
            000079de    _LOG_system
            0000416e    _MEM
            000268f9    _MEM_D_NUMSEGMENTS
            000268fc    _MEM_D_freelist
            000268fe    _MEM_D_lockaddr
            000268fa    _MEM_D_memtab
            00026900    _MEM_D_unlockaddr
0004328c                _MEM_alloc
00042eac                _MEM_free
0004c96c                _MEM_init
            000040d4    _MEM_memtab
00044630                _MEM_valloc
000227a4                _MMC_clearResponse
00022763                _MMC_close
000226de                _MMC_config
000225e3                _MMC_deselectCard
000225be                _MMC_drrdy
00022599                _MMC_dxrdy
00022494                _MMC_eventDisable
0002238f                _MMC_eventEnable
00021f82                _MMC_getCardCsd
00021efd                _MMC_getConfig
00021ed2                _MMC_getNumberOfCards
00021e9f                _MMC_getStatus
00021e51                _MMC_init
00021e30                _MMC_intEnable
00021d0e                _MMC_open
00021999                _MMC_read
00021962                _MMC_saveStatus
000216c3                _MMC_selectCard
000214ae                _MMC_sendAllCID
00021439                _MMC_sendCmd
0002138a                _MMC_sendGoIdle
00021317                _MMC_sendOpCond
000212f1                _MMC_setCallBack
000212d2                _MMC_setCardPtr
000212b4                _MMC_setCardType
00021282                _MMC_setDmaCallback
000211f8                _MMC_setDmaChanConfig
000211b4                _MMC_setDmaHandle
0002114f                _MMC_setEndianMode
0002105d                _MMC_setRca
00020fad                _MMC_setupNative
00020ed5                _MMC_stop
00020afe                _MMC_write
            0000743c    _MP3_TNI_AS12
            00007448    _MP3_TNI_AS36
00041eec                _MP3_TNI_Alias55X
            00006e60    _MP3_TNI_BlockTransition
            000041aa    _MP3_TNI_CUBEROOTPOLY
            00006c9c    _MP3_TNI_CUE_TABLES
000402ea                _MP3_TNI_ConstructSFTableArray
000402c9                _MP3_TNI_CopyOne
0004026f                _MP3_TNI_CopyThree
            0000746c    _MP3_TNI_DINV
            00007484    _MP3_TNI_DINVLONG
            0000422e    _MP3_TNI_DQFRACTIONTABLE
            0000774c    _MP3_TNI_D_CHEN_DCT_TABLE
000487e4                _MP3_TNI_D_CHEN_FDCT
00040762                _MP3_TNI_Detect_Illegal_Switch
            0000434e    _MP3_TNI_FOURTH_ROOT_TABLE
0004c8be                _MP3_TNI_FindTotalScale
00041b86                _MP3_TNI_GotoBitstreamMarker
0004022e                _MP3_TNI_GranuleType
            000043a0    _MP3_TNI_H0
            000043a2    _MP3_TNI_H1
            0000449e    _MP3_TNI_H10
            0000451e    _MP3_TNI_H11
            0000459e    _MP3_TNI_H12
            0000461e    _MP3_TNI_H13
            0000481e    _MP3_TNI_H15
            00004a1e    _MP3_TNI_H16
            000043aa    _MP3_TNI_H2
            00004c1e    _MP3_TNI_H24
            000043bc    _MP3_TNI_H3
            000043ce    _MP3_TNI_H5
            000043ee    _MP3_TNI_H6
            0000440e    _MP3_TNI_H7
            00004456    _MP3_TNI_H8
            00006c0c    _MP3_TNI_H9
            00004e1e    _MP3_TNI_HA
            00004e3e    _MP3_TNI_HB
            00004e5e    _MP3_TNI_H_CUE_0
            00004e9e    _MP3_TNI_H_CUE_1
            0000505e    _MP3_TNI_H_CUE_10
            0000509e    _MP3_TNI_H_CUE_11
            000050de    _MP3_TNI_H_CUE_12
            0000511e    _MP3_TNI_H_CUE_13
            0000515e    _MP3_TNI_H_CUE_15
            0000519e    _MP3_TNI_H_CUE_16
            00004ede    _MP3_TNI_H_CUE_2
            000051de    _MP3_TNI_H_CUE_24
            00004f1e    _MP3_TNI_H_CUE_3
            00004f5e    _MP3_TNI_H_CUE_5
            00004f9e    _MP3_TNI_H_CUE_6
            00004fde    _MP3_TNI_H_CUE_7
            0000501e    _MP3_TNI_H_CUE_8
            00006d24    _MP3_TNI_H_CUE_9
            0000521e    _MP3_TNI_H_CUE_A
            0000525e    _MP3_TNI_H_CUE_B
            00006ce0    _MP3_TNI_H_TABLES
0004c885                _MP3_TNI_HuffFillMemZero
0004c4a4                _MP3_TNI_HuffInvQuant
0004c734                _MP3_TNI_HuffQuadInvQuantCoeff
00041435                _MP3_TNI_HuffmanAndInvQuant
            00006e14    _MP3_TNI_IALG
00041426                _MP3_TNI_III_clear_intensity_mask
00040148                _MP3_TNI_III_convert_to_new_scale_fac_array
0003f6ff                _MP3_TNI_III_get_scale_factors
0003f457                _MP3_TNI_III_get_side_info
0004198b                _MP3_TNI_III_reorder
00041349                _MP3_TNI_III_set_intensity_mask
0004126a                _MP3_TNI_III_zero_search_and_flag
            00006e14    _MP3_TNI_IMP3
            00004172    _MP3_TNI_INVERSEDERIVTABLE
            00006e44    _MP3_TNI_ISTAB_L
            00006e52    _MP3_TNI_ISTAB_R
00049dd4                _MP3_TNI_Imdctmpg12ASM
00049560                _MP3_TNI_Imdctmpg36ASM
0004cd6c                _MP3_TNI_MAD12ApplySynthesisWindow
            000066be    _MP3_TNI_MADSYNTHESISWINDOW
00040791                _MP3_TNI_MP3Decode
00040626                _MP3_TNI_MP3DecodeInit
            00006e70    _MP3_TNI_MPEG2MAXSF
            00006d64    _MP3_TNI_MPEG2_ITAB
            00006da4    _MP3_TNI_NEWBITRATE
            00006c54    _MP3_TNI_NR_OF_SFB_BLOCK
            00004388    _MP3_TNI_PRETAB
            0000433e    _MP3_TNI_Q12thsTable
            000041ae    _MP3_TNI_QEXPTABLE
            0000432e    _MP3_TNI_QSHIFTTABLE
            00006dd4    _MP3_TNI_SLEN
            00006e2c    _MP3_TNI_S_FREQ
00041b78                _MP3_TNI_SetBitstreamMarker
0004059a                _MP3_TNI_ShiftMainData
00041c0c                _MP3_TNI_SubBandSynth_Init
00041b94                _MP3_TNI_SubBandSynthesis
0004045d                _MP3_TNI_SuperSyncSeek
            00004356    _MP3_TNI_TWELTHROOTTABLE
            0000529e    _MP3_TNI_T_LINBITS
            0000731c    _MP3_TNI_WINDOW
0004044e                _MP3_TNI_ZilchFrame
00041e0c                _MP3_TNI_algAlloc
00041f49                _MP3_TNI_algFree
00041c51                _MP3_TNI_algInit
00041cf7                _MP3_TNI_algMoved
00041fca                _MP3_TNI_algNumAlloc
00041ad2                _MP3_TNI_bitstreamJump
0003f43e                _MP3_TNI_buffer_CRC
00041836                _MP3_TNI_decode
0003f348                _MP3_TNI_decode_info
000410b4                _MP3_TNI_fixpt_intensity_stereo_process
00049f48                _MP3_TNI_fixpt_mp3_mdct
00049d8b                _MP3_TNI_fixpt_mp3_overlap_add
0004a040                _MP3_TNI_fixpt_mp3_subband_mdct_many_new_long_only
00049c10                _MP3_TNI_fixpt_mp3_subband_mdct_many_new_short_only
00041177                _MP3_TNI_fixpt_ms_stereo_process
000411d2                _MP3_TNI_fixpt_stereo_new
00041b15                _MP3_TNI_frameSize
000417ab                _MP3_TNI_getStatus
00041f8d                _MP3_TNI_getbits_asm
00041d83                _MP3_TNI_is_core
00041db8                _MP3_TNI_is_coreMpeg2
00041e82                _MP3_TNI_ms_core
000417a1                _MP3_TNI_reset
00041b08                _MP3_TNI_rewindNbits
00040394                _MP3_TNI_seek_sync
[...]
000268dd                _SAR_chanConfig
00026944                _SAR_chanClose
00026991                _SAR_GPODirSet
00026a3c                _SAR_A2DMeasParamSet
00026d0f                _I2S_write
00026e08                _I2S_transEnable
00026e3f                _I2S_setup
000270aa                _I2S_reset
00027147                _I2S_read
00027352                _I2S_open
00027410                _I2S_close
00027480                _I2C_write
00027597                _I2C_setup
0002770f                _I2C_setCallback
00027769                _I2C_read
00027883                _I2C_init
000278bd                _I2C_getEventId
000278d1                _I2C_getConfig
00027980                _I2C_eventEnable
00027a2e                _I2C_eventDisable
00027adc                _I2C_config
00027bd1                _write
00027d13                _unlink
00027d46                _rename
00027d9f                _remove_device
00027dd5                _read
00027e83                _open
00027f42                _lseek
00027fa8                _find_registered_device
00027fb1                _close
00028024                _add_device
00028114                _getenv
0002818f                _HOSTwrite
0002821c                _HOSTunlink
00028286                _HOSTtime
000282e4                _HOSTrename
00028392                _HOSTread
0002841f                _HOSTopen
000284be                _HOSTlseek
00028573                _HOSTclose
000285de                _HOSTclock
0002863c                _GPIO_write
000286a1                _GPIO_statusBit
000286f8                _GPIO_reset
00028779                _GPIO_read
000287d3                _GPIO_open
000287fc                _GPIO_getConfig
0002886e                _GPIO_enableInt
000288be                _GPIO_disableInt
0002890a                _GPIO_configBit
000289c9                _GPIO_config
00028a3b                _GPIO_close
00028a57                _GPIO_clearInt
00028abd                _main
00028da2                GBL_USERINITFXN
00028da2                _sysInit
00028e67                _IRQ_globalDisable
00028e76                _IRQ_globalRestore
00028e82                _IRQ_test
00028ed4                _IRQ_setVecs
00028efa                _IRQ_setArg
00028f21                _IRQ_restore
00028f66                _IRQ_map
00028f90                _IRQ_init
00028fdd                _IRQ_globalEnable
00028fec                _IRQ_getConfig
0002903a                _IRQ_getArg
00029077                _IRQ_enable
000290c1                _IRQ_disableAll
000290d3                _IRQ_disable
0002911b                _IRQ_config
00029167                _IRQ_clearAll
0002917b                _IRQ_clear
000291bf                _DisplayString
0002921b                _init_OLED
000294fc                _menu_ctrl
000297ae                _getKey
00029849                _tskDecode
00029c4b                __cleanup
00029ca5                _freopen
00029d6e                _fopen
00029db1                _initSDCard
00029fba                _PLL_reset
0002a012                _PLL_init
0002a031                _PLL_enable
0002a07c                _PLL_config
0002a15c                _PLL_bypass
0002a193                _disk_initialize
0002a1c3                _disk_status
0002a1f3                _disk_read
0002a2f2                _disk_ioctl
0002a327                _fputs
0002a45c                _puts
0002a48a                _ALG_exit
0002a48c                _DIO_tskCallback
0002a4c0                _DIO_tskIdle
0002a53c                _DIO_tskIssue
0002a59c                _DIO_tskReady
0002a5bc                _DIO_tskReclaim
0002a5dd                _DECODE_exit
0002a70f                _init_Keys
0002a775                _handleKeys
0002a821                __ALG_allocMemory
0002a8d4                __ALG_freeMemory
0002a929                _setvbuf
0002aa0f                _ALG_activate
0002aa2e                _ALG_deactivate
0002aa51                _mem_align
0002aadc                _mem_free
0002aaf1                __wrt_ok
0002ab71                __rd_ok
0002abce                _ALG_create
0002ac93                __doflush
0002acfc                _fflush
0002ad55                _writemsg
0002ae0a                C$$IO$$
0002ae0f                __divul
0002aeb0                _DECODE_decode
0002aede                _DECODE_getStatus
0002aefa                _DECODE_reset
0002af10                _DECODE_algMoved
0002af38                _fclose
0002afb3                __remul
0002b025                _ALG_delete
0002b096                _readmsg
0002b103                _fseek
0002b16e                _ALG_init
0002b1cc                __divli
0002b214                _memcpy
0002b253                _exit
0002b291                _led_blink
0002b2cc                _ALG_control
0002b2ff                _isr_DMA
0002b329                _DECODE_init
0002b32c                _DIO_ctrl
0002b34a                _strcpy
0002b35e                I$$LMPY
0002b35e                __mpyli
0002b371                __register_unlock
0002b379                __register_lock
0002b381                __nop
0002b383                _memset
0002b394                _remove
0002b39e                _abort
0002b39f                C$$EXIT
0002b3a6                ___etext__
0002b3a6                etext
            000159d4    _RcvL
000333a8                SARAM$Bb
000333a8                _SARAM_baseb
            0001d9a4    _twiddle
0003f348                _MP3_TNI_decode_info
0003f43e                _MP3_TNI_buffer_CRC
0003f457                _MP3_TNI_III_get_side_info
0003f6ff                _MP3_TNI_III_get_scale_factors
00040148                _MP3_TNI_III_convert_to_new_scale_fac_array
0004022e                _MP3_TNI_GranuleType
0004026f                _MP3_TNI_CopyThree
000402c9                _MP3_TNI_CopyOne
000402ea                _MP3_TNI_ConstructSFTableArray
00040394                _MP3_TNI_seek_sync
0004044e                _MP3_TNI_ZilchFrame
0004045d                _MP3_TNI_SuperSyncSeek
0004059a                _MP3_TNI_ShiftMainData
00040626                _MP3_TNI_MP3DecodeInit
00040762                _MP3_TNI_Detect_Illegal_Switch
00040791                _MP3_TNI_MP3Decode
000410b4                _MP3_TNI_fixpt_intensity_stereo_process
00041177                _MP3_TNI_fixpt_ms_stereo_process
000411d2                _MP3_TNI_fixpt_stereo_new
0004126a                _MP3_TNI_III_zero_search_and_flag
00041349                _MP3_TNI_III_set_intensity_mask
00041426                _MP3_TNI_III_clear_intensity_mask
00041435                _MP3_TNI_HuffmanAndInvQuant
000417a1                _MP3_TNI_reset
000417ab                _MP3_TNI_getStatus
00041836                _MP3_TNI_decode
0004198b                _MP3_TNI_III_reorder
00041ac4                _MP3_TNI_sstell
00041ad2                _MP3_TNI_bitstreamJump
00041b08                _MP3_TNI_rewindNbits
00041b15                _MP3_TNI_frameSize
00041b78                _MP3_TNI_SetBitstreamMarker
00041b86                _MP3_TNI_GotoBitstreamMarker
00041b94                _MP3_TNI_SubBandSynthesis
00041c0c                _MP3_TNI_SubBandSynth_Init
00041c51                _MP3_TNI_algInit
00041cf7                _MP3_TNI_algMoved
00041d83                _MP3_TNI_is_core
00041db8                _MP3_TNI_is_coreMpeg2
00041e0c                _MP3_TNI_algAlloc
00041e82                _MP3_TNI_ms_core
00041eec                _MP3_TNI_Alias55X
00041f49                _MP3_TNI_algFree
00041f8d                _MP3_TNI_getbits_asm
00041fca                _MP3_TNI_algNumAlloc
00041fd0                SWI_F_enable
00041fd0                _SWI_enable
00042003                SWI_F_post
00042003                _SWI_post
0004208e                SWI_F_exec_sync
00042116                SWI_EXECFXN
00042116                SWI_F_exec
00042202                SWI_F_run
00042202                SWI_RUNFXN
00042308                logPost
0004235a                stsPost
000423a4                HWI_F_dispatch
000423a4                _HWI_F_dispatch
00042623                _HWI_F_DispIsr0
00042704                _SIO_create
000428a8                _SEM_pendEnterKnl
00042a34                _KNL_run
00042bb9                PRD_F_swi
00042cdb                PRD_F_tick
00042d3c                _malloc
00042d88                _memalign
00042e08                _calloc
00042e34                _free
00042e58                _realloc
00042eac                _MEM_free
0004314c                _KNL_tick
0004315c                RTA_F_getlog
0004315c                _RTA_F_getlog
00043188                RTA_F_getsts
000431b7                RTA_F_readblk
000431c6                RTA_F_writeword
000431ca                RTA_F_resetmem
000431e5                RTA_F_dispatch
0004328c                _MEM_alloc
000433b9                PIP_F_take
0004340d                PIP_F_probe
0004340f                PIP_F_give
00043481                PIP_F_start
000434cf                _KNL_switch
0004351d                KNL_glue
0004355c                KNL_tick_stub
0004355c                PRD_THOOKFXN
0004357c                _KNL_saveIsrFrame
000435e0                _SIO_delete
000436f0                __SEM_dopost
000437f4                _TSK_exit
000438ec                _TSK_setup
00043a40                _TSK_startup
00043aa3                _C55_disableIMR0
00043ac6                _C55_disableIMR1
00043ae9                _C55_enableIMR0
00043b02                _C55_enableIMR1
00043b1b                _C55_clearIFR0
00043b30                _C55_clearIFR1
00043b45                _ATM_andi
00043b45                _ATM_andu
00043b60                _ATM_cleari
00043b60                _ATM_clearu
00043b77                _ATM_deci
00043b77                _ATM_decu
00043b91                _ATM_inci
00043b91                _ATM_incu
00043bab                _ATM_ori
00043bab                _ATM_oru
00043bc6                _ATM_seti
00043bc6                _ATM_setu
00043be0                _CLK_dispatch
00043c28                CLK_TIMER0FUNC
00043c28                _CLK_isr
00043c72                _KNL_check
00043ccd                _KNL_idle
00043cea                _KNL_max
00043d34                _CLK_getfhtime
00043d40                CLK_F_gethtime
00043d40                CLK_TIMEFXN
00043d40                _CLK_getshtime
00043d87                _SEM_post
00043d87                _SEM_postBinary
00043e0c                _DEV_match
00043ec0                _TSK_yield
00043efc                _CLK_measure
00043f64                _CLK_start
00043fc0                _CLK_stop
00043fc8                _OBJ_create
0004402c                _SIO_issue
00044090                _KNL_enter
000440d0                _KNL_exit
000440f0                _DEV_mkframe
00044150                _KNL_ipost
000441ac                _SEM_create
00044208                _SIO_reclaim
00044264                _LCK_post
00044284                _LCK_pend
000442bc                LOG_F_event
000442bc                _LOG_event
0004430d                _SEM_pend
0004435c                _SEM_postEnterKnl
000443a4                STS_F_delta
000443a4                _STS_delta
000443c6                STS_F_add
000443c6                _STS_add
000443de                STS_F_reset
000443de                _STS_reset
000443ec                _SYS_exit
00044434                IDL_F_busy
00044434                _IDL_busy
00044460                _IDL_init
0004447b                _IDL_calibrate
000444c4                _OBJ_delete
00044509                RTA_F_andn
0004451f                RTA_F_or
00044536                iRTA_F_or
0004454c                _QUE_get
0004456b                _QUE_put
00044590                SYS_PUTCFXN
00044590                _UTL_doPutc
000445c8                _KNL_post
000445fc                CLK_F_itime
000445fc                _CLK_itime
00044630                _MEM_valloc
00044662                CLK_TIMER1FUNC
00044662                CLK_TIMER2FUNC
00044662                FXN_F_nop
00044664                FXN_F_run
00044681                FXN_F_zero
00044685                FXN_F_selfLoop
00044687                IDL_CALIBRFXN
00044687                _IDL_stub
000446ac                _QUE_create
000446d0                SYS_ABORTFXN
000446d0                _UTL_doAbort
000446f4                SYS_ERRORFXN
000446f4                _UTL_doError
00044714                _DEV_rmframe
00044734                _HWI_disable
00044744                _HWI_enable
00044748                _HWI_restore
0004474e                _CLK_run
00044759                CLK_F_dispRun
00044759                CLK_HOOKFXN
00044759                _CLK_dispRun
00044768                _SYS_abort
00044780                _SYS_error
00044798                _SEM_delete
000447a8                IDL_F_loop
000447a8                _IDL_loop
000447b4                _SYS_one
000447b8                _SYS_zero
000447bc                SYS_EXITFXN
000447bc                _UTL_halt
000447c4                _STS_set
000447cb                _GBL_getVersion
000447d4                _IOM_mdNotImpl
000447d8                LNK_F_init
000447da                LNK_F_dataPump
000447dc                GBL_BIOS_BOOTFXN
000447dc                GIO_CREATEFXN
000447dc                GIO_DELETEFXN
000447dc                GIO_PENDFXN
000447dc                GIO_POSTFXN
000447dc                PWRM_PWRM_BOOTHOOKFXN
000447dc                TSK_VCREATEFXN
000447dc                TSK_VDELETEFXN
000447dc                TSK_VEXITFXN
000447dc                _FXN_F_nop
000447e0                _CLK_wdogdisable
            000223f2    _hann
            000233f2    _tmpx
000487e4                _MP3_TNI_D_CHEN_FDCT
00049560                _MP3_TNI_Imdctmpg36ASM
00049c10                _MP3_TNI_fixpt_mp3_subband_mdct_many_new_short_only
00049d8b                _MP3_TNI_fixpt_mp3_overlap_add
00049dd4                _MP3_TNI_Imdctmpg12ASM
00049f48                _MP3_TNI_fixpt_mp3_mdct
0004a040                _MP3_TNI_fixpt_mp3_subband_mdct_many_new_long_only
            00025052    GBL_sysstackbeg
            00025052    _HWI_SYSSTKTOP
            00025052    __sysstack
            00025151    GBL_sysstackend
            00025152    GBL_stackbeg
            00025152    _HWI_STKTOP
            00025152    _HWI_SYSSTKBOTTOM
            00025152    __stack
            00025551    GBL_stackend
            00025552    _HWI_STKBOTTOM
            00025552    __STACK_END
            00025552    menu_control$stack
            00025934    menu_control$stkptr
            00025952    menu_control$sysstack
            00025a34    menu_control$sysstkptr
            00025a52    _twiddle_I
            00025e52    _twiddle_R
0004c4a4                _MP3_TNI_HuffInvQuant
0004c734                _MP3_TNI_HuffQuadInvQuantCoeff
0004c885                _MP3_TNI_HuffFillMemZero
0004c8be                _MP3_TNI_FindTotalScale
0004c96c                _MEM_init
0004ca7d                BIOS_init
0004ca7d                _BIOS_init
0004cb16                BIOS_start
0004cb16                _BIOS_start
0004cb5c                _DEV_init
0004cc00                _TSK_init
0004cc84                _auto_init
0004ccf5                _c_int00
0004cd64                _OBJ_init
0004cd68                _DIO_init
0004cd6c                _MP3_TNI_MAD12ApplySynthesisWindow
            00026864    C55_BIOSDATAOBJ
            00026864    _GBL_procId
            00026866    _GBL_clkIn
            00026868    _GBL_freq
            0002686a    _CLK_htimeDiv
            0002686c    _CLK_htimeMult
            0002686e    _CLK_ltimeDiv
            00026870    _CLK_ltimeMult
            00026872    _CLK_D_dirty
            00026874    _CLK_D_prd
            00026876    _CLK_D_tddr
            00026878    _CLK_D_countspms
            0002687a    CLK_D_idletime
            0002687c    CLK_D_isrhook
            0002687c    _CLK_isrhook
            0002687e    CLK_D_tabbeg
            00026880    CLK_D_timefxn
            00026882    CLK_R_timh
            00026882    _CLK_time
            00026883    CLK_R_timl
            00026884    HST_D_chanmask
            00026886    IDL_D_calbeg
            00026888    IDL_D_calibrate
            0002688a    IDL_D_tabbeg
            0002688c    LOG_D_system
            0002688c    _LOG_D_system
            0002688e    PIP_D_tabbeg
            00026890    PIP_D_tablen
            00026892    PRD_D_cur
            00026894    PRD_D_elapsed
            00026895    PRD_D_prevtim
            00026896    PRD_D_scalar
            00026898    PRD_D_swihandle
            0002689a    PRD_D_tabbeg
            0002689c    PRD_D_tablen
            0002689e    PRD_D_thook
            000268a0    PRD_D_tickh
            000268a1    PRD_D_tickl
            000268a1    _PRD_D_tick
            000268a2    SWI_D_runaddr
            000268a2    _SWI_data
            000268a4    SWI_D_execaddr
            000268a6    SWI_D_curmask
            000268a6    _SWI_D_curmask
            000268a7    SWI_D_curset
            000268a8    SWI_D_lock
            000268a8    _SWI_D_lock
            000268a9    SWI_D_curmbox
            000268aa    SWI_D_curfxn
            000268aa    _SWI_D_curfxn
            000268ac    SWI_D_rdybeg
            000268ac    _SWI_D_rdybeg
            000268ae    SWI_D_rdytab
            000268ea    SWI_D_inswi
            000268ea    _SWI_D_inswi
            000268ec    HWI_D_spsave
            000268ec    _HWI_D_spsave
            000268ec    _HWI_data
            000268ee    HWI_D_sspsave
            000268ee    _HWI_D_sspsave
            000268f0    HWI_D_stkbotaddr
            000268f2    HWI_D_systkbotaddr
            000268f4    HWI_D_stktopaddr
            000268f6    HWI_D_systktopaddr
            000268f8    HWI_D_inhwi
            000268f8    _HWI_D_inhwi
            000268f9    _MEM_D_NUMSEGMENTS
            000268fa    _MEM_D_memtab
            000268fc    _MEM_D_freelist
            000268fe    _MEM_D_lockaddr
            00026900    _MEM_D_unlockaddr
            00026902    _SYS
            00026904    HST_D_tabbegaddr
            00026906    HST_D_tabendaddr
            00026908    TSK_D_idlstkaddr
            0002690a    TSK_D_idlsystkaddr
            0002690c    RTDX_D_BufRead
            0002690e    RTDX_D_BufWrite
            00026910    __HOOK_knlId
            00026912    __HOOK_NUMHOOKS
            00026914    RTA_D_fromHost
            00026916    RTA_D_toHost
            00026918    RTA_D_logval
            00026922    RTA_D_stsval
            0002692a    IDL_D_busyObj
            0002692c    gblinit
            0002696a    DIO_audioDAC$obj
            00026970    DIO_audioDAC$device
            0002697c    UDEV_AIC3204$obj
            00026982    UDEV_AIC3204$device
            00026996    SYS$config
            0002699e    TRC_cinit
            0002699f    TRC_R_mask
            0002699f    _TRC_R_mask
            000269a0    GBL_initdone
00f80000                GBL_CACHEICRTAG1
00f81000                GBL_CACHEICRTAG2
00ff6cd6                _hwafft_br
00ff7a56                _hwafft_1024pts
ffffffff                DARAM
ffffffff                DARAM2
ffffffff                HST_DSMBUFSEG
ffffffff                RTDX_DATAMEMSEG
ffffffff                VECT
ffffffff                _DARAM
ffffffff                _DARAM2
ffffffff                _VECT
ffffffff                ___binit__
ffffffff                ___c_args__
ffffffff                ___pinit__
ffffffff                binit
ffffffff                pinit

[1364 symbols]
